Archive member included to satisfy reference by file (symbol)

C:/ST/STM32CubeIDE_1.18.0/STM32CubeIDE/plugins/com.st.stm32cube.ide.mcu.externaltools.gnu-tools-for-stm32.13.3.rel1.win32_1.0.0.202411081344/tools/bin/../lib/gcc/arm-none-eabi/13.3.1/../../../../arm-none-eabi/lib/thumb/v6-m/nofp\libc_nano.a(libc_a-exit.o)
                              C:/ST/STM32CubeIDE_1.18.0/STM32CubeIDE/plugins/com.st.stm32cube.ide.mcu.externaltools.gnu-tools-for-stm32.13.3.rel1.win32_1.0.0.202411081344/tools/bin/../lib/gcc/arm-none-eabi/13.3.1/../../../../arm-none-eabi/lib/thumb/v6-m/nofp/crt0.o (exit)
C:/ST/STM32CubeIDE_1.18.0/STM32CubeIDE/plugins/com.st.stm32cube.ide.mcu.externaltools.gnu-tools-for-stm32.13.3.rel1.win32_1.0.0.202411081344/tools/bin/../lib/gcc/arm-none-eabi/13.3.1/../../../../arm-none-eabi/lib/thumb/v6-m/nofp\libc_nano.a(libc_a-findfp.o)
                              C:/ST/STM32CubeIDE_1.18.0/STM32CubeIDE/plugins/com.st.stm32cube.ide.mcu.externaltools.gnu-tools-for-stm32.13.3.rel1.win32_1.0.0.202411081344/tools/bin/../lib/gcc/arm-none-eabi/13.3.1/../../../../arm-none-eabi/lib/thumb/v6-m/nofp\libc_nano.a(libc_a-exit.o) (__stdio_exit_handler)
C:/ST/STM32CubeIDE_1.18.0/STM32CubeIDE/plugins/com.st.stm32cube.ide.mcu.externaltools.gnu-tools-for-stm32.13.3.rel1.win32_1.0.0.202411081344/tools/bin/../lib/gcc/arm-none-eabi/13.3.1/../../../../arm-none-eabi/lib/thumb/v6-m/nofp\libc_nano.a(libc_a-fwalk.o)
                              C:/ST/STM32CubeIDE_1.18.0/STM32CubeIDE/plugins/com.st.stm32cube.ide.mcu.externaltools.gnu-tools-for-stm32.13.3.rel1.win32_1.0.0.202411081344/tools/bin/../lib/gcc/arm-none-eabi/13.3.1/../../../../arm-none-eabi/lib/thumb/v6-m/nofp\libc_nano.a(libc_a-findfp.o) (_fwalk_sglue)
C:/ST/STM32CubeIDE_1.18.0/STM32CubeIDE/plugins/com.st.stm32cube.ide.mcu.externaltools.gnu-tools-for-stm32.13.3.rel1.win32_1.0.0.202411081344/tools/bin/../lib/gcc/arm-none-eabi/13.3.1/../../../../arm-none-eabi/lib/thumb/v6-m/nofp\libc_nano.a(libc_a-printf.o)
                              ./Core/Src/main.o (printf)
C:/ST/STM32CubeIDE_1.18.0/STM32CubeIDE/plugins/com.st.stm32cube.ide.mcu.externaltools.gnu-tools-for-stm32.13.3.rel1.win32_1.0.0.202411081344/tools/bin/../lib/gcc/arm-none-eabi/13.3.1/../../../../arm-none-eabi/lib/thumb/v6-m/nofp\libc_nano.a(libc_a-putchar.o)
                              ./Core/Src/main.o (putchar)
C:/ST/STM32CubeIDE_1.18.0/STM32CubeIDE/plugins/com.st.stm32cube.ide.mcu.externaltools.gnu-tools-for-stm32.13.3.rel1.win32_1.0.0.202411081344/tools/bin/../lib/gcc/arm-none-eabi/13.3.1/../../../../arm-none-eabi/lib/thumb/v6-m/nofp\libc_nano.a(libc_a-puts.o)
                              ./Core/Src/main.o (puts)
C:/ST/STM32CubeIDE_1.18.0/STM32CubeIDE/plugins/com.st.stm32cube.ide.mcu.externaltools.gnu-tools-for-stm32.13.3.rel1.win32_1.0.0.202411081344/tools/bin/../lib/gcc/arm-none-eabi/13.3.1/../../../../arm-none-eabi/lib/thumb/v6-m/nofp\libc_nano.a(libc_a-stdio.o)
                              C:/ST/STM32CubeIDE_1.18.0/STM32CubeIDE/plugins/com.st.stm32cube.ide.mcu.externaltools.gnu-tools-for-stm32.13.3.rel1.win32_1.0.0.202411081344/tools/bin/../lib/gcc/arm-none-eabi/13.3.1/../../../../arm-none-eabi/lib/thumb/v6-m/nofp\libc_nano.a(libc_a-findfp.o) (__sread)
C:/ST/STM32CubeIDE_1.18.0/STM32CubeIDE/plugins/com.st.stm32cube.ide.mcu.externaltools.gnu-tools-for-stm32.13.3.rel1.win32_1.0.0.202411081344/tools/bin/../lib/gcc/arm-none-eabi/13.3.1/../../../../arm-none-eabi/lib/thumb/v6-m/nofp\libc_nano.a(libc_a-wbuf.o)
                              C:/ST/STM32CubeIDE_1.18.0/STM32CubeIDE/plugins/com.st.stm32cube.ide.mcu.externaltools.gnu-tools-for-stm32.13.3.rel1.win32_1.0.0.202411081344/tools/bin/../lib/gcc/arm-none-eabi/13.3.1/../../../../arm-none-eabi/lib/thumb/v6-m/nofp\libc_nano.a(libc_a-puts.o) (__swbuf_r)
C:/ST/STM32CubeIDE_1.18.0/STM32CubeIDE/plugins/com.st.stm32cube.ide.mcu.externaltools.gnu-tools-for-stm32.13.3.rel1.win32_1.0.0.202411081344/tools/bin/../lib/gcc/arm-none-eabi/13.3.1/../../../../arm-none-eabi/lib/thumb/v6-m/nofp\libc_nano.a(libc_a-wsetup.o)
                              C:/ST/STM32CubeIDE_1.18.0/STM32CubeIDE/plugins/com.st.stm32cube.ide.mcu.externaltools.gnu-tools-for-stm32.13.3.rel1.win32_1.0.0.202411081344/tools/bin/../lib/gcc/arm-none-eabi/13.3.1/../../../../arm-none-eabi/lib/thumb/v6-m/nofp\libc_nano.a(libc_a-puts.o) (__swsetup_r)
C:/ST/STM32CubeIDE_1.18.0/STM32CubeIDE/plugins/com.st.stm32cube.ide.mcu.externaltools.gnu-tools-for-stm32.13.3.rel1.win32_1.0.0.202411081344/tools/bin/../lib/gcc/arm-none-eabi/13.3.1/../../../../arm-none-eabi/lib/thumb/v6-m/nofp\libc_nano.a(libc_a-memset.o)
                              C:/ST/STM32CubeIDE_1.18.0/STM32CubeIDE/plugins/com.st.stm32cube.ide.mcu.externaltools.gnu-tools-for-stm32.13.3.rel1.win32_1.0.0.202411081344/tools/bin/../lib/gcc/arm-none-eabi/13.3.1/../../../../arm-none-eabi/lib/thumb/v6-m/nofp/crt0.o (memset)
[...]
Memory Configuration

Name             Origin             Length             Attributes
RAM              0x20000000         0x00003000         xrw
FLASH            0x08000000         0x00008000         xr
*default*        0x00000000         0xffffffff

Linker script and memory map

LOAD C:/ST/STM32CubeIDE_1.18.0/STM32CubeIDE/plugins/com.st.stm32cube.ide.mcu.externaltools.gnu-tools-for-stm32.13.3.rel1.win32_1.0.0.202411081344/tools/bin/../lib/gcc/arm-none-eabi/13.3.1/thumb/v6-m/nofp/crti.o
LOAD C:/ST/STM32CubeIDE_1.18.0/STM32CubeIDE/plugins/com.st.stm32cube.ide.mcu.externaltools.gnu-tools-for-stm32.13.3.rel1.win32_1.0.0.202411081344/tools/bin/../lib/gcc/arm-none-eabi/13.3.1/thumb/v6-m/nofp/crtbegin.o
LOAD C:/ST/STM32CubeIDE_1.18.0/STM32CubeIDE/plugins/com.st.stm32cube.ide.mcu.externaltools.gnu-tools-for-stm32.13.3.rel1.win32_1.0.0.202411081344/tools/bin/../lib/gcc/arm-none-eabi/13.3.1/../../../../arm-none-eabi/lib/thumb/v6-m/nofp/crt0.o
LOAD ./Core/Src/main.o
LOAD ./Core/Src/stm32c0xx_hal_msp.o
LOAD ./Core/Src/stm32c0xx_it.o
LOAD ./Core/Src/syscalls.o
LOAD ./Core/Src/sysmem.o
LOAD ./Core/Src/system_stm32c0xx.o
LOAD ./Core/Startup/startup_stm32c031c6tx.o
LOAD ./Drivers/BSP/STM32C0xx_Nucleo/stm32c0xx_nucleo.o
LOAD ./Drivers/PN532/pn532.o
LOAD ./Drivers/PN532/pn532_stm32f1.o
LOAD ./Drivers/STM32C0xx_HAL_Driver/Src/stm32c0xx_hal.o
LOAD ./Drivers/STM32C0xx_HAL_Driver/Src/stm32c0xx_hal_cortex.o
LOAD ./Drivers/STM32C0xx_HAL_Driver/Src/stm32c0xx_hal_dma.o
LOAD ./Drivers/STM32C0xx_HAL_Driver/Src/stm32c0xx_hal_dma_ex.o
LOAD ./Drivers/STM32C0xx_HAL_Driver/Src/stm32c0xx_hal_exti.o
LOAD ./Drivers/STM32C0xx_HAL_Driver/Src/stm32c0xx_hal_flash.o
LOAD ./Drivers/STM32C0xx_HAL_Driver/Src/stm32c0xx_hal_flash_ex.o
LOAD ./Drivers/STM32C0xx_HAL_Driver/Src/stm32c0xx_hal_gpio.o
LOAD ./Drivers/STM32C0xx_HAL_Driver/Src/stm32c0xx_hal_i2c.o
LOAD ./Drivers/STM32C0xx_HAL_Driver/Src/stm32c0xx_hal_i2c_ex.o
LOAD ./Drivers/STM32C0xx_HAL_Driver/Src/stm32c0xx_hal_pwr.o
LOAD ./Drivers/STM32C0xx_HAL_Driver/Src/stm32c0xx_hal_pwr_ex.o
LOAD ./Drivers/STM32C0xx_HAL_Driver/Src/stm32c0xx_hal_rcc.o
LOAD ./Drivers/STM32C0xx_HAL_Driver/Src/stm32c0xx_hal_rcc_ex.o
LOAD ./Drivers/STM32C0xx_HAL_Driver/Src/stm32c0xx_hal_tim.o
LOAD ./Drivers/STM32C0xx_HAL_Driver/Src/stm32c0xx_hal_tim_ex.o
LOAD ./Drivers/STM32C0xx_HAL_Driver/Src/stm32c0xx_hal_uart.o
LOAD ./Drivers/STM32C0xx_HAL_Driver/Src/stm32c0xx_hal_uart_ex.o
LOAD ./Drivers/STM32C0xx_HAL_Driver/Src/stm32c0xx_hal_usart.o
LOAD ./Drivers/STM32C0xx_HAL_Driver/Src/stm32c0xx_hal_usart_ex.o
START GROUP
LOAD C:/ST/STM32CubeIDE_1.18.0/STM32CubeIDE/plugins/com.st.stm32cube.ide.mcu.externaltools.gnu-tools-for-stm32.13.3.rel1.win32_1.0.0.202411081344/tools/bin/../lib/gcc/arm-none-eabi/13.3.1/../../../../arm-none-eabi/lib/thumb/v6-m/nofp\libc_nano.a
LOAD C:/ST/STM32CubeIDE_1.18.0/STM32CubeIDE/plugins/com.st.stm32cube.ide.mcu.externaltools.gnu-tools-for-stm32.13.3.rel1.win32_1.0.0.202411081344/tools/bin/../lib/gcc/arm-none-eabi/13.3.1/../../../../arm-none-eabi/lib/thumb/v6-m/nofp\libm.a
END GROUP
START GROUP
LOAD C:/ST/STM32CubeIDE_1.18.0/STM32CubeIDE/plugins/com.st.stm32cube.ide.mcu.externaltools.gnu-tools-for-stm32.13.3.rel1.win32_1.0.0.202411081344/tools/bin/../lib/gcc/arm-none-eabi/13.3.1/thumb/v6-m/nofp\libgcc.a
LOAD C:/ST/STM32CubeIDE_1.18.0/STM32CubeIDE/plugins/com.st.stm32cube.ide.mcu.externaltools.gnu-tools-for-stm32.13.3.rel1.win32_1.0.0.202411081344/tools/bin/../lib/gcc/arm-none-eabi/13.3.1/../../../../arm-none-eabi/lib/thumb/v6-m/nofp\libc_nano.a
END GROUP
START GROUP
LOAD C:/ST/STM32CubeIDE_1.18.0/STM32CubeIDE/plugins/com.st.stm32cube.ide.mcu.externaltools.gnu-tools-for-stm32.13.3.rel1.win32_1.0.0.202411081344/tools/bin/../lib/gcc/arm-none-eabi/13.3.1/thumb/v6-m/nofp\libgcc.a
LOAD C:/ST/STM32CubeIDE_1.18.0/STM32CubeIDE/plugins/com.st.stm32cube.ide.mcu.externaltools.gnu-tools-for-stm32.13.3.rel1.win32_1.0.0.202411081344/tools/bin/../lib/gcc/arm-none-eabi/13.3.1/../../../../arm-none-eabi/lib/thumb/v6-m/nofp\libc_nano.a
LOAD C:/ST/STM32CubeIDE_1.18.0/STM32CubeIDE/plugins/com.st.stm32cube.ide.mcu.externaltools.gnu-tools-for-stm32.13.3.rel1.win32_1.0.0.202411081344/tools/bin/../lib/gcc/arm-none-eabi/13.3.1/../../../../arm-none-eabi/lib/thumb/v6-m/nofp\libnosys.a
END GROUP
START GROUP
LOAD C:/ST/STM32CubeIDE_1.18.0/STM32CubeIDE/plugins/com.st.stm32cube.ide.mcu.externaltools.gnu-tools-for-stm32.13.3.rel1.win32_1.0.0.202411081344/tools/bin/../lib/gcc/arm-none-eabi/13.3.1/thumb/v6-m/nofp\libgcc.a
LOAD C:/ST/STM32CubeIDE_1.18.0/STM32CubeIDE/plugins/com.st.stm32cube.ide.mcu.externaltools.gnu-tools-for-stm32.13.3.rel1.win32_1.0.0.202411081344/tools/bin/../lib/gcc/arm-none-eabi/13.3.1/../../../../arm-none-eabi/lib/thumb/v6-m/nofp\libc_nano.a
LOAD C:/ST/STM32CubeIDE_1.18.0/STM32CubeIDE/plugins/com.st.stm32cube.ide.mcu.externaltools.gnu-tools-for-stm32.13.3.rel1.win32_1.0.0.202411081344/tools/bin/../lib/gcc/arm-none-eabi/13.3.1/../../../../arm-none-eabi/lib/thumb/v6-m/nofp\libnosys.a
END GROUP
LOAD C:/ST/STM32CubeIDE_1.18.0/STM32CubeIDE/plugins/com.st.stm32cube.ide.mcu.externaltools.gnu-tools-for-stm32.13.3.rel1.win32_1.0.0.202411081344/tools/bin/../lib/gcc/arm-none-eabi/13.3.1/thumb/v6-m/nofp/crtend.o
LOAD C:/ST/STM32CubeIDE_1.18.0/STM32CubeIDE/plugins/com.st.stm32cube.ide.mcu.externaltools.gnu-tools-for-stm32.13.3.rel1.win32_1.0.0.202411081344/tools/bin/../lib/gcc/arm-none-eabi/13.3.1/thumb/v6-m/nofp/crtn.o
                0x20003000                        _estack = (ORIGIN (RAM) + LENGTH (RAM))
                0x00000200                        _Min_Heap_Size = 0x200
                0x00000400                        _Min_Stack_Size = 0x400

.isr_vector     0x08000000       0xc0
                0x08000000                        . = ALIGN (0x4)
 *(.isr_vector)
 .isr_vector    0x08000000       0xc0 ./Core/Startup/startup_stm32c031c6tx.o
                0x08000000                g_pfnVectors
                0x080000c0                        . = ALIGN (0x4)

.text           0x080000c0     0x517c
                0x080000c0                        . = ALIGN (0x4)
 *(.text)
 .text          0x080000c0       0x48 C:/ST/STM32CubeIDE_1.18.0/STM32CubeIDE/plugins/com.st.stm32cube.ide.mcu.externaltools.gnu-tools-for-stm32.13.3.rel1.win32_1.0.0.202411081344/tools/bin/../lib/gcc/arm-none-eabi/13.3.1/thumb/v6-m/nofp/crtbegin.o
 .text          0x08000108       0x14 C:/ST/STM32CubeIDE_1.18.0/STM32CubeIDE/plugins/com.st.stm32cube.ide.mcu.externaltools.gnu-tools-for-stm32.13.3.rel1.win32_1.0.0.202411081344/tools/bin/../lib/gcc/arm-none-eabi/13.3.1/thumb/v6-m/nofp\libgcc.a(_thumb1_case_shi.o)
                0x08000108                __gnu_thumb1_case_shi
 .text          0x0800011c      0x114 C:/ST/STM32CubeIDE_1.18.0/STM32CubeIDE/plugins/com.st.stm32cube.ide.mcu.externaltools.gnu-tools-for-stm32.13.3.rel1.win32_1.0.0.202411081344/tools/bin/../lib/gcc/arm-none-eabi/13.3.1/thumb/v6-m/nofp\libgcc.a(_udivsi3.o)
                0x0800011c                __aeabi_uidiv
                0x0800011c                __udivsi3
                0x08000228                __aeabi_uidivmod
 .text          0x08000230      0x1d4 C:/ST/STM32CubeIDE_1.18.0/STM32CubeIDE/plugins/com.st.stm32cube.ide.mcu.externaltools.gnu-tools-for-stm32.13.3.rel1.win32_1.0.0.202411081344/tools/bin/../lib/gcc/arm-none-eabi/13.3.1/thumb/v6-m/nofp\libgcc.a(_divsi3.o)
                0x08000230                __divsi3
                0x08000230                __aeabi_idiv
                0x080003fc                __aeabi_idivmod
 .text          0x08000404        0x4 C:/ST/STM32CubeIDE_1.18.0/STM32CubeIDE/plugins/com.st.stm32cube.ide.mcu.externaltools.gnu-tools-for-stm32.13.3.rel1.win32_1.0.0.202411081344/tools/bin/../lib/gcc/arm-none-eabi/13.3.1/thumb/v6-m/nofp\libgcc.a(_dvmd_tls.o)
                0x08000404                __aeabi_idiv0
                0x08000404                __aeabi_ldiv0
 *(.text*)
 .text.main     0x08000408      0x1c0 ./Core/Src/main.o
                0x08000408                main
 .text.SystemClock_Config
                0x080005c8       0x90 ./Core/Src/main.o
                0x080005c8                SystemClock_Config
 .text.MX_I2C1_Init
                0x08000658       0x80 ./Core/Src/main.o
 .text.MX_USART1_UART_Init
                0x080006d8       0x9c ./Core/Src/main.o
 .text.MX_GPIO_Init
                0x08000774       0x5c ./Core/Src/main.o
 .text.BSP_PB_Callback
                0x080007d0       0x28 ./Core/Src/main.o
                0x080007d0                BSP_PB_Callback
 .text.Error_Handler
                0x080007f8        0xc ./Core/Src/main.o
                0x080007f8                Error_Handler
 .text.HAL_MspInit
                0x08000804       0x48 ./Core/Src/stm32c0xx_hal_msp.o
                0x08000804                HAL_MspInit
 .text.HAL_I2C_MspInit
                0x0800084c       0xc4 ./Core/Src/stm32c0xx_hal_msp.o
                0x0800084c                HAL_I2C_MspInit
 .text.HAL_UART_MspInit
                0x08000910       0xc0 ./Core/Src/stm32c0xx_hal_msp.o
                0x08000910                HAL_UART_MspInit
 .text.NMI_Handler
                0x080009d0        0x8 ./Core/Src/stm32c0xx_it.o
                0x080009d0                NMI_Handler
 .text.HardFault_Handler
                0x080009d8        0x8 ./Core/Src/stm32c0xx_it.o
                0x080009d8                HardFault_Handler
 .text.SVC_Handler
                0x080009e0        0xa ./Core/Src/stm32c0xx_it.o
                0x080009e0                SVC_Handler
 .text.PendSV_Handler
                0x080009ea        0xa ./Core/Src/stm32c0xx_it.o
                0x080009ea                PendSV_Handler
 .text.SysTick_Handler
                0x080009f4        0xe ./Core/Src/stm32c0xx_it.o
                0x080009f4                SysTick_Handler
 .text.EXTI4_15_IRQHandler
                0x08000a02       0x10 ./Core/Src/stm32c0xx_it.o
                0x08000a02                EXTI4_15_IRQHandler
 .text._read    0x08000a12       0x3a ./Core/Src/syscalls.o
                0x08000a12                _read
 .text._write   0x08000a4c       0x38 ./Core/Src/syscalls.o
                0x08000a4c                _write
 .text._close   0x08000a84       0x14 ./Core/Src/syscalls.o
                0x08000a84                _close
 .text._fstat   0x08000a98       0x1c ./Core/Src/syscalls.o
                0x08000a98                _fstat
 .text._isatty  0x08000ab4       0x12 ./Core/Src/syscalls.o
                0x08000ab4                _isatty
 .text._lseek   0x08000ac6       0x16 ./Core/Src/syscalls.o
                0x08000ac6                _lseek
 .text._sbrk    0x08000adc       0x6c ./Core/Src/sysmem.o
                0x08000adc                _sbrk
 .text.SystemInit
                0x08000b48       0x18 ./Core/Src/system_stm32c0xx.o
                0x08000b48                SystemInit
 .text.Reset_Handler
                0x08000b60       0x50 ./Core/Startup/startup_stm32c031c6tx.o
                0x08000b60                Reset_Handler
 .text.Default_Handler
                0x08000bb0        0x2 ./Core/Startup/startup_stm32c031c6tx.o
                0x08000bb0                TIM1_CC_IRQHandler
                0x08000bb0                I2C1_IRQHandler
                0x08000bb0                DMAMUX1_IRQHandler
                0x08000bb0                SPI1_IRQHandler
                0x08000bb0                EXTI2_3_IRQHandler
                0x08000bb0                ADC1_IRQHandler
                0x08000bb0                TIM17_IRQHandler
                0x08000bb0                RTC_IRQHandler
                0x08000bb0                TIM16_IRQHandler
                0x08000bb0                TIM3_IRQHandler
                0x08000bb0                RCC_IRQHandler
                0x08000bb0                DMA1_Channel1_IRQHandler
                0x08000bb0                Default_Handler
                0x08000bb0                TIM14_IRQHandler
                0x08000bb0                EXTI0_1_IRQHandler
                0x08000bb0                WWDG_IRQHandler
                0x08000bb0                DMA1_Channel2_3_IRQHandler
                0x08000bb0                USART2_IRQHandler
                0x08000bb0                FLASH_IRQHandler
                0x08000bb0                USART1_IRQHandler
                0x08000bb0                TIM1_BRK_UP_TRG_COM_IRQHandler
 *fill*         0x08000bb2        0x2 
 .text.BSP_LED_Init
                0x08000bb4       0xd4 ./Drivers/BSP/STM32C0xx_Nucleo/stm32c0xx_nucleo.o
                0x08000bb4                BSP_LED_Init
 .text.BSP_LED_On
                0x08000c88       0x7c ./Drivers/BSP/STM32C0xx_Nucleo/stm32c0xx_nucleo.o
                0x08000c88                BSP_LED_On
 .text.BSP_LED_Toggle
                0x08000d04       0x54 ./Drivers/BSP/STM32C0xx_Nucleo/stm32c0xx_nucleo.o
                0x08000d04                BSP_LED_Toggle
 .text.BSP_PB_Init
                0x08000d58      0x108 ./Drivers/BSP/STM32C0xx_Nucleo/stm32c0xx_nucleo.o
                0x08000d58                BSP_PB_Init
 .text.BSP_PB_IRQHandler
                0x08000e60       0x30 ./Drivers/BSP/STM32C0xx_Nucleo/stm32c0xx_nucleo.o
                0x08000e60                BSP_PB_IRQHandler
 .text.BSP_COM_Init
                0x08000e90       0x64 ./Drivers/BSP/STM32C0xx_Nucleo/stm32c0xx_nucleo.o
                0x08000e90                BSP_COM_Init
 .text.MX_USART2_Init
                0x08000ef4       0x6c ./Drivers/BSP/STM32C0xx_Nucleo/stm32c0xx_nucleo.o
                0x08000ef4                MX_USART2_Init
 .text.__io_putchar
                0x08000f60       0x34 ./Drivers/BSP/STM32C0xx_Nucleo/stm32c0xx_nucleo.o
                0x08000f60                __io_putchar
 .text.BUTTON_USER_EXTI_Callback
                0x08000f94       0x10 ./Drivers/BSP/STM32C0xx_Nucleo/stm32c0xx_nucleo.o
 .text.COM1_MspInit
                0x08000fa4       0xb0 ./Drivers/BSP/STM32C0xx_Nucleo/stm32c0xx_nucleo.o
 .text.PN532_WriteFrame
                0x08001054      0x1a0 ./Drivers/PN532/pn532.o
                0x08001054                PN532_WriteFrame
 .text.PN532_ReadFrame
                0x080011f4      0x220 ./Drivers/PN532/pn532.o
                0x080011f4                PN532_ReadFrame
 .text.PN532_CallFunction
                0x08001414      0x25c ./Drivers/PN532/pn532.o
                0x08001414                PN532_CallFunction
 .text.PN532_GetFirmwareVersion
                0x08001670       0x48 ./Drivers/PN532/pn532.o
                0x08001670                PN532_GetFirmwareVersion
 .text.PN532_SamConfiguration
                0x080016b8       0x40 ./Drivers/PN532/pn532.o
                0x080016b8                PN532_SamConfiguration
 .text.PN532_ReadPassiveTarget
                0x080016f8       0xd0 ./Drivers/PN532/pn532.o
                0x080016f8                PN532_ReadPassiveTarget
 .text.PN532_Log
                0x080017c8       0x20 ./Drivers/PN532/pn532_stm32f1.o
                0x080017c8                PN532_Log
 .text.i2c_read
                0x080017e8       0x2c ./Drivers/PN532/pn532_stm32f1.o
                0x080017e8                i2c_read
 .text.i2c_write
                0x08001814       0x2c ./Drivers/PN532/pn532_stm32f1.o
                0x08001814                i2c_write
 .text.PN532_I2C_ReadData
                0x08001840      0x11c ./Drivers/PN532/pn532_stm32f1.o
                0x08001840                PN532_I2C_ReadData
 .text.PN532_I2C_WriteData
                0x0800195c       0x26 ./Drivers/PN532/pn532_stm32f1.o
                0x0800195c                PN532_I2C_WriteData
 *fill*         0x08001982        0x2 
 .text.PN532_I2C_WaitReady
                0x08001984       0x58 ./Drivers/PN532/pn532_stm32f1.o
                0x08001984                PN532_I2C_WaitReady
 .text.PN532_I2C_Init
                0x080019dc       0x38 ./Drivers/PN532/pn532_stm32f1.o
                0x080019dc                PN532_I2C_Init
 .text.HAL_Init
                0x08001a14       0x2e ./Drivers/STM32C0xx_HAL_Driver/Src/stm32c0xx_hal.o
                0x08001a14                HAL_Init
 *fill*         0x08001a42        0x2 
 .text.HAL_InitTick
                0x08001a44       0x94 ./Drivers/STM32C0xx_HAL_Driver/Src/stm32c0xx_hal.o
                0x08001a44                HAL_InitTick
 .text.HAL_IncTick
                0x08001ad8       0x24 ./Drivers/STM32C0xx_HAL_Driver/Src/stm32c0xx_hal.o
                0x08001ad8                HAL_IncTick
 .text.HAL_GetTick
                0x08001afc       0x14 ./Drivers/STM32C0xx_HAL_Driver/Src/stm32c0xx_hal.o
                0x08001afc                HAL_GetTick
 .text.HAL_Delay
                0x08001b10       0x48 ./Drivers/STM32C0xx_HAL_Driver/Src/stm32c0xx_hal.o
                0x08001b10                HAL_Delay
 .text.__NVIC_EnableIRQ
                0x08001b58       0x34 ./Drivers/STM32C0xx_HAL_Driver/Src/stm32c0xx_hal_cortex.o
 .text.__NVIC_SetPriority
                0x08001b8c       0xdc ./Drivers/STM32C0xx_HAL_Driver/Src/stm32c0xx_hal_cortex.o
 .text.SysTick_Config
                0x08001c68       0x48 ./Drivers/STM32C0xx_HAL_Driver/Src/stm32c0xx_hal_cortex.o
 .text.HAL_NVIC_SetPriority
                0x08001cb0       0x2a ./Drivers/STM32C0xx_HAL_Driver/Src/stm32c0xx_hal_cortex.o
                0x08001cb0                HAL_NVIC_SetPriority
 .text.HAL_NVIC_EnableIRQ
                0x08001cda       0x20 ./Drivers/STM32C0xx_HAL_Driver/Src/stm32c0xx_hal_cortex.o
                0x08001cda                HAL_NVIC_EnableIRQ
 .text.HAL_SYSTICK_Config
                0x08001cfa       0x1a ./Drivers/STM32C0xx_HAL_Driver/Src/stm32c0xx_hal_cortex.o
                0x08001cfa                HAL_SYSTICK_Config
 .text.HAL_EXTI_RegisterCallback
                0x08001d14       0x64 ./Drivers/STM32C0xx_HAL_Driver/Src/stm32c0xx_hal_exti.o
                0x08001d14                HAL_EXTI_RegisterCallback
 .text.HAL_EXTI_GetHandle
                0x08001d78       0x24 ./Drivers/STM32C0xx_HAL_Driver/Src/stm32c0xx_hal_exti.o
                0x08001d78                HAL_EXTI_GetHandle
 .text.HAL_EXTI_IRQHandler
                0x08001d9c       0x94 ./Drivers/STM32C0xx_HAL_Driver/Src/stm32c0xx_hal_exti.o
                0x08001d9c                HAL_EXTI_IRQHandler
 .text.HAL_GPIO_Init
                0x08001e30      0x2e4 ./Drivers/STM32C0xx_HAL_Driver/Src/stm32c0xx_hal_gpio.o
                0x08001e30                HAL_GPIO_Init
 .text.HAL_GPIO_WritePin
                0x08002114       0x3a ./Drivers/STM32C0xx_HAL_Driver/Src/stm32c0xx_hal_gpio.o
                0x08002114                HAL_GPIO_WritePin
 .text.HAL_GPIO_TogglePin
                0x0800214e       0x36 ./Drivers/STM32C0xx_HAL_Driver/Src/stm32c0xx_hal_gpio.o
                0x0800214e                HAL_GPIO_TogglePin
 .text.HAL_I2C_Init
                0x08002184      0x14c ./Drivers/STM32C0xx_HAL_Driver/Src/stm32c0xx_hal_i2c.o
                0x08002184                HAL_I2C_Init
 .text.HAL_I2C_Master_Transmit
                0x080022d0      0x254 ./Drivers/STM32C0xx_HAL_Driver/Src/stm32c0xx_hal_i2c.o
                0x080022d0                HAL_I2C_Master_Transmit
 .text.HAL_I2C_Master_Receive
                0x08002524      0x210 ./Drivers/STM32C0xx_HAL_Driver/Src/stm32c0xx_hal_i2c.o
                0x08002524                HAL_I2C_Master_Receive
 .text.I2C_Flush_TXDR
                0x08002734       0x44 ./Drivers/STM32C0xx_HAL_Driver/Src/stm32c0xx_hal_i2c.o
 .text.I2C_WaitOnFlagUntilTimeout
                0x08002778       0xb0 ./Drivers/STM32C0xx_HAL_Driver/Src/stm32c0xx_hal_i2c.o
 .text.I2C_WaitOnTXISFlagUntilTimeout
                0x08002828       0x8c ./Drivers/STM32C0xx_HAL_Driver/Src/stm32c0xx_hal_i2c.o
 .text.I2C_WaitOnSTOPFlagUntilTimeout
                0x080028b4       0x86 ./Drivers/STM32C0xx_HAL_Driver/Src/stm32c0xx_hal_i2c.o
 *fill*         0x0800293a        0x2 
 .text.I2C_WaitOnRXNEFlagUntilTimeout
                0x0800293c      0x13c ./Drivers/STM32C0xx_HAL_Driver/Src/stm32c0xx_hal_i2c.o
 .text.I2C_IsErrorOccurred
                0x08002a78      0x1f0 ./Drivers/STM32C0xx_HAL_Driver/Src/stm32c0xx_hal_i2c.o
 .text.I2C_TransferConfig
                0x08002c68       0x74 ./Drivers/STM32C0xx_HAL_Driver/Src/stm32c0xx_hal_i2c.o
 .text.HAL_I2CEx_ConfigAnalogFilter
                0x08002cdc       0x98 ./Drivers/STM32C0xx_HAL_Driver/Src/stm32c0xx_hal_i2c_ex.o
                0x08002cdc                HAL_I2CEx_ConfigAnalogFilter
 .text.HAL_I2CEx_ConfigDigitalFilter
                0x08002d74       0x98 ./Drivers/STM32C0xx_HAL_Driver/Src/stm32c0xx_hal_i2c_ex.o
                0x08002d74                HAL_I2CEx_ConfigDigitalFilter
 .text.HAL_RCC_OscConfig
                0x08002e0c      0x3c8 ./Drivers/STM32C0xx_HAL_Driver/Src/stm32c0xx_hal_rcc.o
                0x08002e0c                HAL_RCC_OscConfig
 .text.HAL_RCC_ClockConfig
                0x080031d4      0x200 ./Drivers/STM32C0xx_HAL_Driver/Src/stm32c0xx_hal_rcc.o
                0x080031d4                HAL_RCC_ClockConfig
 .text.HAL_RCC_GetSysClockFreq
                0x080033d4       0x80 ./Drivers/STM32C0xx_HAL_Driver/Src/stm32c0xx_hal_rcc.o
                0x080033d4                HAL_RCC_GetSysClockFreq
 .text.HAL_RCC_GetHCLKFreq
                0x08003454       0x3c ./Drivers/STM32C0xx_HAL_Driver/Src/stm32c0xx_hal_rcc.o
                0x08003454                HAL_RCC_GetHCLKFreq
 .text.HAL_RCC_GetPCLK1Freq
                0x08003490       0x30 ./Drivers/STM32C0xx_HAL_Driver/Src/stm32c0xx_hal_rcc.o
                0x08003490                HAL_RCC_GetPCLK1Freq
 .text.HAL_RCCEx_PeriphCLKConfig
                0x080034c0      0x1d8 ./Drivers/STM32C0xx_HAL_Driver/Src/stm32c0xx_hal_rcc_ex.o
                0x080034c0                HAL_RCCEx_PeriphCLKConfig
 .text.HAL_UART_Init
                0x08003698       0xac ./Drivers/STM32C0xx_HAL_Driver/Src/stm32c0xx_hal_uart.o
                0x08003698                HAL_UART_Init
 .text.HAL_UART_Transmit
                0x08003744      0x148 ./Drivers/STM32C0xx_HAL_Driver/Src/stm32c0xx_hal_uart.o
                0x08003744                HAL_UART_Transmit
 .text.UART_SetConfig
                0x0800388c      0x2fc ./Drivers/STM32C0xx_HAL_Driver/Src/stm32c0xx_hal_uart.o
                0x0800388c                UART_SetConfig
 .text.UART_AdvFeatureConfig
                0x08003b88      0x168 ./Drivers/STM32C0xx_HAL_Driver/Src/stm32c0xx_hal_uart.o
                0x08003b88                UART_AdvFeatureConfig
 .text.UART_CheckIdleState
                0x08003cf0      0x154 ./Drivers/STM32C0xx_HAL_Driver/Src/stm32c0xx_hal_uart.o
                0x08003cf0                UART_CheckIdleState
 .text.UART_WaitOnFlagUntilTimeout
                0x08003e44       0xde ./Drivers/STM32C0xx_HAL_Driver/Src/stm32c0xx_hal_uart.o
                0x08003e44                UART_WaitOnFlagUntilTimeout
 *fill*         0x08003f22        0x2 
 .text.UART_EndRxTransfer
                0x08003f24       0xcc ./Drivers/STM32C0xx_HAL_Driver/Src/stm32c0xx_hal_uart.o
 .text.HAL_UARTEx_DisableFifoMode
                0x08003ff0       0x74 ./Drivers/STM32C0xx_HAL_Driver/Src/stm32c0xx_hal_uart_ex.o
                0x08003ff0                HAL_UARTEx_DisableFifoMode
 .text.HAL_UARTEx_SetTxFifoThreshold
                0x08004064       0x7e ./Drivers/STM32C0xx_HAL_Driver/Src/stm32c0xx_hal_uart_ex.o
                0x08004064                HAL_UARTEx_SetTxFifoThreshold
 *fill*         0x080040e2        0x2 
 .text.HAL_UARTEx_SetRxFifoThreshold
                0x080040e4       0x84 ./Drivers/STM32C0xx_HAL_Driver/Src/stm32c0xx_hal_uart_ex.o
                0x080040e4                HAL_UARTEx_SetRxFifoThreshold
 .text.UARTEx_SetNbDataToProcess
                0x08004168       0xbc ./Drivers/STM32C0xx_HAL_Driver/Src/stm32c0xx_hal_uart_ex.o
 .text.std      0x08004224       0x6c C:/ST/STM32CubeIDE_1.18.0/STM32CubeIDE/plugins/com.st.stm32cube.ide.mcu.externaltools.gnu-tools-for-stm32.13.3.rel1.win32_1.0.0.202411081344/tools/bin/../lib/gcc/arm-none-eabi/13.3.1/../../../../arm-none-eabi/lib/thumb/v6-m/nofp\libc_nano.a(libc_a-findfp.o)
 .text.stdio_exit_handler
                0x08004290       0x1c C:/ST/STM32CubeIDE_1.18.0/STM32CubeIDE/plugins/com.st.stm32cube.ide.mcu.externaltools.gnu-tools-for-stm32.13.3.rel1.win32_1.0.0.202411081344/tools/bin/../lib/gcc/arm-none-eabi/13.3.1/../../../../arm-none-eabi/lib/thumb/v6-m/nofp\libc_nano.a(libc_a-findfp.o)
 .text.cleanup_stdio
                0x080042ac       0x3c C:/ST/STM32CubeIDE_1.18.0/STM32CubeIDE/plugins/com.st.stm32cube.ide.mcu.externaltools.gnu-tools-for-stm32.13.3.rel1.win32_1.0.0.202411081344/tools/bin/../lib/gcc/arm-none-eabi/13.3.1/../../../../arm-none-eabi/lib/thumb/v6-m/nofp\libc_nano.a(libc_a-findfp.o)
 .text.global_stdio_init.part.0
                0x080042e8       0x3c C:/ST/STM32CubeIDE_1.18.0/STM32CubeIDE/plugins/com.st.stm32cube.ide.mcu.externaltools.gnu-tools-for-stm32.13.3.rel1.win32_1.0.0.202411081344/tools/bin/../lib/gcc/arm-none-eabi/13.3.1/../../../../arm-none-eabi/lib/thumb/v6-m/nofp\libc_nano.a(libc_a-findfp.o)
 .text.__sfp_lock_acquire
                0x08004324       0x10 C:/ST/STM32CubeIDE_1.18.0/STM32CubeIDE/plugins/com.st.stm32cube.ide.mcu.externaltools.gnu-tools-for-stm32.13.3.rel1.win32_1.0.0.202411081344/tools/bin/../lib/gcc/arm-none-eabi/13.3.1/../../../../arm-none-eabi/lib/thumb/v6-m/nofp\libc_nano.a(libc_a-findfp.o)
                0x08004324                __sfp_lock_acquire
 .text.__sfp_lock_release
                0x08004334       0x10 C:/ST/STM32CubeIDE_1.18.0/STM32CubeIDE/plugins/com.st.stm32cube.ide.mcu.externaltools.gnu-tools-for-stm32.13.3.rel1.win32_1.0.0.202411081344/tools/bin/../lib/gcc/arm-none-eabi/13.3.1/../../../../arm-none-eabi/lib/thumb/v6-m/nofp\libc_nano.a(libc_a-findfp.o)
                0x08004334                __sfp_lock_release
 .text.__sinit  0x08004344       0x30 C:/ST/STM32CubeIDE_1.18.0/STM32CubeIDE/plugins/com.st.stm32cube.ide.mcu.externaltools.gnu-tools-for-stm32.13.3.rel1.win32_1.0.0.202411081344/tools/bin/../lib/gcc/arm-none-eabi/13.3.1/../../../../arm-none-eabi/lib/thumb/v6-m/nofp\libc_nano.a(libc_a-findfp.o)
                0x08004344                __sinit
 .text._fwalk_sglue
                0x08004374       0x38 C:/ST/STM32CubeIDE_1.18.0/STM32CubeIDE/plugins/com.st.stm32cube.ide.mcu.externaltools.gnu-tools-for-stm32.13.3.rel1.win32_1.0.0.202411081344/tools/bin/../lib/gcc/arm-none-eabi/13.3.1/../../../../arm-none-eabi/lib/thumb/v6-m/nofp\libc_nano.a(libc_a-fwalk.o)
                0x08004374                _fwalk_sglue
 .text.printf   0x080043ac       0x20 C:/ST/STM32CubeIDE_1.18.0/STM32CubeIDE/plugins/com.st.stm32cube.ide.mcu.externaltools.gnu-tools-for-stm32.13.3.rel1.win32_1.0.0.202411081344/tools/bin/../lib/gcc/arm-none-eabi/13.3.1/../../../../arm-none-eabi/lib/thumb/v6-m/nofp\libc_nano.a(libc_a-printf.o)
                0x080043ac                iprintf
                0x080043ac                printf
 .text.putchar  0x080043cc       0x14 C:/ST/STM32CubeIDE_1.18.0/STM32CubeIDE/plugins/com.st.stm32cube.ide.mcu.externaltools.gnu-tools-for-stm32.13.3.rel1.win32_1.0.0.202411081344/tools/bin/../lib/gcc/arm-none-eabi/13.3.1/../../../../arm-none-eabi/lib/thumb/v6-m/nofp\libc_nano.a(libc_a-putchar.o)
                0x080043cc                putchar
 .text._puts_r  0x080043e0       0xac C:/ST/STM32CubeIDE_1.18.0/STM32CubeIDE/plugins/com.st.stm32cube.ide.mcu.externaltools.gnu-tools-for-stm32.13.3.rel1.win32_1.0.0.202411081344/tools/bin/../lib/gcc/arm-none-eabi/13.3.1/../../../../arm-none-eabi/lib/thumb/v6-m/nofp\libc_nano.a(libc_a-puts.o)
                0x080043e0                _puts_r
 .text.puts     0x0800448c       0x14 C:/ST/STM32CubeIDE_1.18.0/STM32CubeIDE/plugins/com.st.stm32cube.ide.mcu.externaltools.gnu-tools-for-stm32.13.3.rel1.win32_1.0.0.202411081344/tools/bin/../lib/gcc/arm-none-eabi/13.3.1/../../../../arm-none-eabi/lib/thumb/v6-m/nofp\libc_nano.a(libc_a-puts.o)
                0x0800448c                puts
 .text.__sread  0x080044a0       0x28 C:/ST/STM32CubeIDE_1.18.0/STM32CubeIDE/plugins/com.st.stm32cube.ide.mcu.externaltools.gnu-tools-for-stm32.13.3.rel1.win32_1.0.0.202411081344/tools/bin/../lib/gcc/arm-none-eabi/13.3.1/../../../../arm-none-eabi/lib/thumb/v6-m/nofp\libc_nano.a(libc_a-stdio.o)
                0x080044a0                __sread
 .text.__swrite
                0x080044c8       0x38 C:/ST/STM32CubeIDE_1.18.0/STM32CubeIDE/plugins/com.st.stm32cube.ide.mcu.externaltools.gnu-tools-for-stm32.13.3.rel1.win32_1.0.0.202411081344/tools/bin/../lib/gcc/arm-none-eabi/13.3.1/../../../../arm-none-eabi/lib/thumb/v6-m/nofp\libc_nano.a(libc_a-stdio.o)
                0x080044c8                __swrite
 .text.__sseek  0x08004500       0x2c C:/ST/STM32CubeIDE_1.18.0/STM32CubeIDE/plugins/com.st.stm32cube.ide.mcu.externaltools.gnu-tools-for-stm32.13.3.rel1.win32_1.0.0.202411081344/tools/bin/../lib/gcc/arm-none-eabi/13.3.1/../../../../arm-none-eabi/lib/thumb/v6-m/nofp\libc_nano.a(libc_a-stdio.o)
                0x08004500                __sseek
 .text.__sclose
                0x0800452c        0xc C:/ST/STM32CubeIDE_1.18.0/STM32CubeIDE/plugins/com.st.stm32cube.ide.mcu.externaltools.gnu-tools-for-stm32.13.3.rel1.win32_1.0.0.202411081344/tools/bin/../lib/gcc/arm-none-eabi/13.3.1/../../../../arm-none-eabi/lib/thumb/v6-m/nofp\libc_nano.a(libc_a-stdio.o)
                0x0800452c                __sclose
 .text.__swbuf_r
                0x08004538       0x84 C:/ST/STM32CubeIDE_1.18.0/STM32CubeIDE/plugins/com.st.stm32cube.ide.mcu.externaltools.gnu-tools-for-stm32.13.3.rel1.win32_1.0.0.202411081344/tools/bin/../lib/gcc/arm-none-eabi/13.3.1/../../../../arm-none-eabi/lib/thumb/v6-m/nofp\libc_nano.a(libc_a-wbuf.o)
                0x08004538                __swbuf_r
 .text.__swsetup_r
                0x080045bc       0xbc C:/ST/STM32CubeIDE_1.18.0/STM32CubeIDE/plugins/com.st.stm32cube.ide.mcu.externaltools.gnu-tools-for-stm32.13.3.rel1.win32_1.0.0.202411081344/tools/bin/../lib/gcc/arm-none-eabi/13.3.1/../../../../arm-none-eabi/lib/thumb/v6-m/nofp\libc_nano.a(libc_a-wsetup.o)
                0x080045bc                __swsetup_r
 .text.memset   0x08004678       0x10 C:/ST/STM32CubeIDE_1.18.0/STM32CubeIDE/plugins/com.st.stm32cube.ide.mcu.externaltools.gnu-tools-for-stm32.13.3.rel1.win32_1.0.0.202411081344/tools/bin/../lib/gcc/arm-none-eabi/13.3.1/../../../../arm-none-eabi/lib/thumb/v6-m/nofp\libc_nano.a(libc_a-memset.o)
                0x08004678                memset
 .text._close_r
                0x08004688       0x24 C:/ST/STM32CubeIDE_1.18.0/STM32CubeIDE/plugins/com.st.stm32cube.ide.mcu.externaltools.gnu-tools-for-stm32.13.3.rel1.win32_1.0.0.202411081344/tools/bin/../lib/gcc/arm-none-eabi/13.3.1/../../../../arm-none-eabi/lib/thumb/v6-m/nofp\libc_nano.a(libc_a-closer.o)
                0x08004688                _close_r
 .text._lseek_r
                0x080046ac       0x28 C:/ST/STM32CubeIDE_1.18.0/STM32CubeIDE/plugins/com.st.stm32cube.ide.mcu.externaltools.gnu-tools-for-stm32.13.3.rel1.win32_1.0.0.202411081344/tools/bin/../lib/gcc/arm-none-eabi/13.3.1/../../../../arm-none-eabi/lib/thumb/v6-m/nofp\libc_nano.a(libc_a-lseekr.o)
                0x080046ac                _lseek_r
 .text._read_r  0x080046d4       0x28 C:/ST/STM32CubeIDE_1.18.0/STM32CubeIDE/plugins/com.st.stm32cube.ide.mcu.externaltools.gnu-tools-for-stm32.13.3.rel1.win32_1.0.0.202411081344/tools/bin/../lib/gcc/arm-none-eabi/13.3.1/../../../../arm-none-eabi/lib/thumb/v6-m/nofp\libc_nano.a(libc_a-readr.o)
                0x080046d4                _read_r
 .text._write_r
                0x080046fc       0x28 C:/ST/STM32CubeIDE_1.18.0/STM32CubeIDE/plugins/com.st.stm32cube.ide.mcu.externaltools.gnu-tools-for-stm32.13.3.rel1.win32_1.0.0.202411081344/tools/bin/../lib/gcc/arm-none-eabi/13.3.1/../../../../arm-none-eabi/lib/thumb/v6-m/nofp\libc_nano.a(libc_a-writer.o)
                0x080046fc                _write_r
 .text.__errno  0x08004724        0xc C:/ST/STM32CubeIDE_1.18.0/STM32CubeIDE/plugins/com.st.stm32cube.ide.mcu.externaltools.gnu-tools-for-stm32.13.3.rel1.win32_1.0.0.202411081344/tools/bin/../lib/gcc/arm-none-eabi/13.3.1/../../../../arm-none-eabi/lib/thumb/v6-m/nofp\libc_nano.a(libc_a-errno.o)
                0x08004724                __errno
 .text.__libc_init_array
                0x08004730       0x48 C:/ST/STM32CubeIDE_1.18.0/STM32CubeIDE/plugins/com.st.stm32cube.ide.mcu.externaltools.gnu-tools-for-stm32.13.3.rel1.win32_1.0.0.202411081344/tools/bin/../lib/gcc/arm-none-eabi/13.3.1/../../../../arm-none-eabi/lib/thumb/v6-m/nofp\libc_nano.a(libc_a-init.o)
                0x08004730                __libc_init_array
 .text.__retarget_lock_init_recursive
                0x08004778        0x2 C:/ST/STM32CubeIDE_1.18.0/STM32CubeIDE/plugins/com.st.stm32cube.ide.mcu.externaltools.gnu-tools-for-stm32.13.3.rel1.win32_1.0.0.202411081344/tools/bin/../lib/gcc/arm-none-eabi/13.3.1/../../../../arm-none-eabi/lib/thumb/v6-m/nofp\libc_nano.a(libc_a-lock.o)
                0x08004778                __retarget_lock_init_recursive
 .text.__retarget_lock_acquire_recursive
                0x0800477a        0x2 C:/ST/STM32CubeIDE_1.18.0/STM32CubeIDE/plugins/com.st.stm32cube.ide.mcu.externaltools.gnu-tools-for-stm32.13.3.rel1.win32_1.0.0.202411081344/tools/bin/../lib/gcc/arm-none-eabi/13.3.1/../../../../arm-none-eabi/lib/thumb/v6-m/nofp\libc_nano.a(libc_a-lock.o)
                0x0800477a                __retarget_lock_acquire_recursive
 .text.__retarget_lock_release_recursive
                0x0800477c        0x2 C:/ST/STM32CubeIDE_1.18.0/STM32CubeIDE/plugins/com.st.stm32cube.ide.mcu.externaltools.gnu-tools-for-stm32.13.3.rel1.win32_1.0.0.202411081344/tools/bin/../lib/gcc/arm-none-eabi/13.3.1/../../../../arm-none-eabi/lib/thumb/v6-m/nofp\libc_nano.a(libc_a-lock.o)
                0x0800477c                __retarget_lock_release_recursive
 *fill*         0x0800477e        0x2 
 .text._free_r  0x08004780       0x94 C:/ST/STM32CubeIDE_1.18.0/STM32CubeIDE/plugins/com.st.stm32cube.ide.mcu.externaltools.gnu-tools-for-stm32.13.3.rel1.win32_1.0.0.202411081344/tools/bin/../lib/gcc/arm-none-eabi/13.3.1/../../../../arm-none-eabi/lib/thumb/v6-m/nofp\libc_nano.a(libc_a-freer.o)
                0x08004780                _free_r
 .text.sbrk_aligned
                0x08004814       0x44 C:/ST/STM32CubeIDE_1.18.0/STM32CubeIDE/plugins/com.st.stm32cube.ide.mcu.externaltools.gnu-tools-for-stm32.13.3.rel1.win32_1.0.0.202411081344/tools/bin/../lib/gcc/arm-none-eabi/13.3.1/../../../../arm-none-eabi/lib/thumb/v6-m/nofp\libc_nano.a(libc_a-mallocr.o)
 .text._malloc_r
                0x08004858      0x100 C:/ST/STM32CubeIDE_1.18.0/STM32CubeIDE/plugins/com.st.stm32cube.ide.mcu.externaltools.gnu-tools-for-stm32.13.3.rel1.win32_1.0.0.202411081344/tools/bin/../lib/gcc/arm-none-eabi/13.3.1/../../../../arm-none-eabi/lib/thumb/v6-m/nofp\libc_nano.a(libc_a-mallocr.o)
                0x08004858                _malloc_r
 .text.__malloc_lock
                0x08004958       0x10 C:/ST/STM32CubeIDE_1.18.0/STM32CubeIDE/plugins/com.st.stm32cube.ide.mcu.externaltools.gnu-tools-for-stm32.13.3.rel1.win32_1.0.0.202411081344/tools/bin/../lib/gcc/arm-none-eabi/13.3.1/../../../../arm-none-eabi/lib/thumb/v6-m/nofp\libc_nano.a(libc_a-mlock.o)
                0x08004958                __malloc_lock
 .text.__malloc_unlock
                0x08004968       0x10 C:/ST/STM32CubeIDE_1.18.0/STM32CubeIDE/plugins/com.st.stm32cube.ide.mcu.externaltools.gnu-tools-for-stm32.13.3.rel1.win32_1.0.0.202411081344/tools/bin/../lib/gcc/arm-none-eabi/13.3.1/../../../../arm-none-eabi/lib/thumb/v6-m/nofp\libc_nano.a(libc_a-mlock.o)
                0x08004968                __malloc_unlock
 .text.__sfputc_r
                0x08004978       0x2a C:/ST/STM32CubeIDE_1.18.0/STM32CubeIDE/plugins/com.st.stm32cube.ide.mcu.externaltools.gnu-tools-for-stm32.13.3.rel1.win32_1.0.0.202411081344/tools/bin/../lib/gcc/arm-none-eabi/13.3.1/../../../../arm-none-eabi/lib/thumb/v6-m/nofp\libc_nano.a(libc_a-nano-vfprintf.o)
 .text.__sfputs_r
                0x080049a2       0x24 C:/ST/STM32CubeIDE_1.18.0/STM32CubeIDE/plugins/com.st.stm32cube.ide.mcu.externaltools.gnu-tools-for-stm32.13.3.rel1.win32_1.0.0.202411081344/tools/bin/../lib/gcc/arm-none-eabi/13.3.1/../../../../arm-none-eabi/lib/thumb/v6-m/nofp\libc_nano.a(libc_a-nano-vfprintf.o)
                0x080049a2                __sfputs_r
 *fill*         0x080049c6        0x2 
 .text._vfprintf_r
                0x080049c8      0x238 C:/ST/STM32CubeIDE_1.18.0/STM32CubeIDE/plugins/com.st.stm32cube.ide.mcu.externaltools.gnu-tools-for-stm32.13.3.rel1.win32_1.0.0.202411081344/tools/bin/../lib/gcc/arm-none-eabi/13.3.1/../../../../arm-none-eabi/lib/thumb/v6-m/nofp\libc_nano.a(libc_a-nano-vfprintf.o)
                0x080049c8                _vfprintf_r
                0x080049c8                _vfiprintf_r
 .text._printf_common
                0x08004c00       0xde C:/ST/STM32CubeIDE_1.18.0/STM32CubeIDE/plugins/com.st.stm32cube.ide.mcu.externaltools.gnu-tools-for-stm32.13.3.rel1.win32_1.0.0.202411081344/tools/bin/../lib/gcc/arm-none-eabi/13.3.1/../../../../arm-none-eabi/lib/thumb/v6-m/nofp\libc_nano.a(libc_a-nano-vfprintf_i.o)
                0x08004c00                _printf_common
 *fill*         0x08004cde        0x2 
 .text._printf_i
                0x08004ce0      0x218 C:/ST/STM32CubeIDE_1.18.0/STM32CubeIDE/plugins/com.st.stm32cube.ide.mcu.externaltools.gnu-tools-for-stm32.13.3.rel1.win32_1.0.0.202411081344/tools/bin/../lib/gcc/arm-none-eabi/13.3.1/../../../../arm-none-eabi/lib/thumb/v6-m/nofp\libc_nano.a(libc_a-nano-vfprintf_i.o)
                0x08004ce0                _printf_i
 .text.__sflush_r
                0x08004ef8      0x10c C:/ST/STM32CubeIDE_1.18.0/STM32CubeIDE/plugins/com.st.stm32cube.ide.mcu.externaltools.gnu-tools-for-stm32.13.3.rel1.win32_1.0.0.202411081344/tools/bin/../lib/gcc/arm-none-eabi/13.3.1/../../../../arm-none-eabi/lib/thumb/v6-m/nofp\libc_nano.a(libc_a-fflush.o)
                0x08004ef8                __sflush_r
 .text._fflush_r
                0x08005004       0x56 C:/ST/STM32CubeIDE_1.18.0/STM32CubeIDE/plugins/com.st.stm32cube.ide.mcu.externaltools.gnu-tools-for-stm32.13.3.rel1.win32_1.0.0.202411081344/tools/bin/../lib/gcc/arm-none-eabi/13.3.1/../../../../arm-none-eabi/lib/thumb/v6-m/nofp\libc_nano.a(libc_a-fflush.o)
                0x08005004                _fflush_r
 *fill*         0x0800505a        0x2 
 .text.__swhatbuf_r
                0x0800505c       0x54 C:/ST/STM32CubeIDE_1.18.0/STM32CubeIDE/plugins/com.st.stm32cube.ide.mcu.externaltools.gnu-tools-for-stm32.13.3.rel1.win32_1.0.0.202411081344/tools/bin/../lib/gcc/arm-none-eabi/13.3.1/../../../../arm-none-eabi/lib/thumb/v6-m/nofp\libc_nano.a(libc_a-makebuf.o)
                0x0800505c                __swhatbuf_r
 .text.__smakebuf_r
                0x080050b0       0x82 C:/ST/STM32CubeIDE_1.18.0/STM32CubeIDE/plugins/com.st.stm32cube.ide.mcu.externaltools.gnu-tools-for-stm32.13.3.rel1.win32_1.0.0.202411081344/tools/bin/../lib/gcc/arm-none-eabi/13.3.1/../../../../arm-none-eabi/lib/thumb/v6-m/nofp\libc_nano.a(libc_a-makebuf.o)
                0x080050b0                __smakebuf_r
 .text._putc_r  0x08005132       0x6c C:/ST/STM32CubeIDE_1.18.0/STM32CubeIDE/plugins/com.st.stm32cube.ide.mcu.externaltools.gnu-tools-for-stm32.13.3.rel1.win32_1.0.0.202411081344/tools/bin/../lib/gcc/arm-none-eabi/13.3.1/../../../../arm-none-eabi/lib/thumb/v6-m/nofp\libc_nano.a(libc_a-putc.o)
                0x08005132                _putc_r
 *fill*         0x0800519e        0x2 
 .text._fstat_r
                0x080051a0       0x24 C:/ST/STM32CubeIDE_1.18.0/STM32CubeIDE/plugins/com.st.stm32cube.ide.mcu.externaltools.gnu-tools-for-stm32.13.3.rel1.win32_1.0.0.202411081344/tools/bin/../lib/gcc/arm-none-eabi/13.3.1/../../../../arm-none-eabi/lib/thumb/v6-m/nofp\libc_nano.a(libc_a-fstatr.o)
                0x080051a0                _fstat_r
 .text._isatty_r
                0x080051c4       0x24 C:/ST/STM32CubeIDE_1.18.0/STM32CubeIDE/plugins/com.st.stm32cube.ide.mcu.externaltools.gnu-tools-for-stm32.13.3.rel1.win32_1.0.0.202411081344/tools/bin/../lib/gcc/arm-none-eabi/13.3.1/../../../../arm-none-eabi/lib/thumb/v6-m/nofp\libc_nano.a(libc_a-isattyr.o)
                0x080051c4                _isatty_r
 .text._sbrk_r  0x080051e8       0x24 C:/ST/STM32CubeIDE_1.18.0/STM32CubeIDE/plugins/com.st.stm32cube.ide.mcu.externaltools.gnu-tools-for-stm32.13.3.rel1.win32_1.0.0.202411081344/tools/bin/../lib/gcc/arm-none-eabi/13.3.1/../../../../arm-none-eabi/lib/thumb/v6-m/nofp\libc_nano.a(libc_a-sbrkr.o)
                0x080051e8                _sbrk_r
 .text.memchr   0x0800520c       0x16 C:/ST/STM32CubeIDE_1.18.0/STM32CubeIDE/plugins/com.st.stm32cube.ide.mcu.externaltools.gnu-tools-for-stm32.13.3.rel1.win32_1.0.0.202411081344/tools/bin/../lib/gcc/arm-none-eabi/13.3.1/../../../../arm-none-eabi/lib/thumb/v6-m/nofp\libc_nano.a(libc_a-memchr-stub.o)
                0x0800520c                memchr
 *(.glue_7)
 .glue_7        0x08005222        0x0 linker stubs
 *(.glue_7t)
 .glue_7t       0x08005222        0x0 linker stubs
 *(.eh_frame)
 *fill*         0x08005222        0x2 
 .eh_frame      0x08005224        0x0 C:/ST/STM32CubeIDE_1.18.0/STM32CubeIDE/plugins/com.st.stm32cube.ide.mcu.externaltools.gnu-tools-for-stm32.13.3.rel1.win32_1.0.0.202411081344/tools/bin/../lib/gcc/arm-none-eabi/13.3.1/thumb/v6-m/nofp/crtbegin.o
 *(.init)
 .init          0x08005224        0x4 C:/ST/STM32CubeIDE_1.18.0/STM32CubeIDE/plugins/com.st.stm32cube.ide.mcu.externaltools.gnu-tools-for-stm32.13.3.rel1.win32_1.0.0.202411081344/tools/bin/../lib/gcc/arm-none-eabi/13.3.1/thumb/v6-m/nofp/crti.o
                0x08005224                _init
 .init          0x08005228        0x8 C:/ST/STM32CubeIDE_1.18.0/STM32CubeIDE/plugins/com.st.stm32cube.ide.mcu.externaltools.gnu-tools-for-stm32.13.3.rel1.win32_1.0.0.202411081344/tools/bin/../lib/gcc/arm-none-eabi/13.3.1/thumb/v6-m/nofp/crtn.o
 *(.fini)
 .fini          0x08005230        0x4 C:/ST/STM32CubeIDE_1.18.0/STM32CubeIDE/plugins/com.st.stm32cube.ide.mcu.externaltools.gnu-tools-for-stm32.13.3.rel1.win32_1.0.0.202411081344/tools/bin/../lib/gcc/arm-none-eabi/13.3.1/thumb/v6-m/nofp/crti.o
                0x08005230                _fini
 .fini          0x08005234        0x8 C:/ST/STM32CubeIDE_1.18.0/STM32CubeIDE/plugins/com.st.stm32cube.ide.mcu.externaltools.gnu-tools-for-stm32.13.3.rel1.win32_1.0.0.202411081344/tools/bin/../lib/gcc/arm-none-eabi/13.3.1/thumb/v6-m/nofp/crtn.o
                0x0800523c                        . = ALIGN (0x4)
                0x0800523c                        _etext = .

.vfp11_veneer   0x0800523c        0x0
 .vfp11_veneer  0x0800523c        0x0 linker stubs

.v4_bx          0x0800523c        0x0
 .v4_bx         0x0800523c        0x0 linker stubs

.iplt           0x0800523c        0x0
 .iplt          0x0800523c        0x0 C:/ST/STM32CubeIDE_1.18.0/STM32CubeIDE/plugins/com.st.stm32cube.ide.mcu.externaltools.gnu-tools-for-stm32.13.3.rel1.win32_1.0.0.202411081344/tools/bin/../lib/gcc/arm-none-eabi/13.3.1/thumb/v6-m/nofp/crtbegin.o

.rodata         0x0800523c      0x314
                0x0800523c                        . = ALIGN (0x4)
 *(.rodata)
 .rodata        0x0800523c       0xb2 ./Core/Src/main.o
 *fill*         0x080052ee        0x2 
 .rodata        0x080052f0      0x185 ./Drivers/PN532/pn532.o
 *fill*         0x08005475        0x3 
 .rodata        0x08005478        0x9 ./Drivers/PN532/pn532_stm32f1.o
 *(.rodata*)
 *fill*         0x08005481        0x3 
 .rodata.AHBPrescTable
                0x08005484       0x40 ./Core/Src/system_stm32c0xx.o
                0x08005484                AHBPrescTable
 .rodata.APBPrescTable
                0x080054c4       0x20 ./Core/Src/system_stm32c0xx.o
                0x080054c4                APBPrescTable
 .rodata.LED_PIN
                0x080054e4        0x4 ./Drivers/BSP/STM32C0xx_Nucleo/stm32c0xx_nucleo.o
 .rodata.BUTTON_EXTI_LINE.2
                0x080054e8        0x4 ./Drivers/BSP/STM32C0xx_Nucleo/stm32c0xx_nucleo.o
 .rodata.PN532_ACK
                0x080054ec        0x6 ./Drivers/PN532/pn532.o
                0x080054ec                PN532_ACK
 *fill*         0x080054f2        0x2 
 .rodata.UARTPrescTable
                0x080054f4       0x18 ./Drivers/STM32C0xx_HAL_Driver/Src/stm32c0xx_hal_uart.o
                0x080054f4                UARTPrescTable
 .rodata.numerator.1
                0x0800550c        0x8 ./Drivers/STM32C0xx_HAL_Driver/Src/stm32c0xx_hal_uart_ex.o
 .rodata.denominator.0
                0x08005514        0x8 ./Drivers/STM32C0xx_HAL_Driver/Src/stm32c0xx_hal_uart_ex.o
 .rodata._vfprintf_r.str1.1
                0x0800551c       0x33 C:/ST/STM32CubeIDE_1.18.0/STM32CubeIDE/plugins/com.st.stm32cube.ide.mcu.externaltools.gnu-tools-for-stm32.13.3.rel1.win32_1.0.0.202411081344/tools/bin/../lib/gcc/arm-none-eabi/13.3.1/../../../../arm-none-eabi/lib/thumb/v6-m/nofp\libc_nano.a(libc_a-nano-vfprintf.o)
                                 0x11 (size before relaxing)
 .rodata._printf_i.str1.1
                0x0800554f       0x22 C:/ST/STM32CubeIDE_1.18.0/STM32CubeIDE/plugins/com.st.stm32cube.ide.mcu.externaltools.gnu-tools-for-stm32.13.3.rel1.win32_1.0.0.202411081344/tools/bin/../lib/gcc/arm-none-eabi/13.3.1/../../../../arm-none-eabi/lib/thumb/v6-m/nofp\libc_nano.a(libc_a-nano-vfprintf_i.o)
                0x08005574                        . = ALIGN (0x4)
 *fill*         0x0800554f        0x1 

.ARM.extab      0x08005550        0x0
                0x08005550                        . = ALIGN (0x4)
 *(.ARM.extab* .gnu.linkonce.armextab.*)
                0x08005550                        . = ALIGN (0x4)

.ARM            0x08005550        0x0
                0x08005550                        . = ALIGN (0x4)
                0x08005550                        __exidx_start = .
 *(.ARM.exidx*)
                0x08005550                        __exidx_end = .
                0x08005550                        . = ALIGN (0x4)

.preinit_array  0x08005550        0x0
                0x08005550                        . = ALIGN (0x4)
                0x08005550                        PROVIDE (__preinit_array_start = .)
 *(.preinit_array*)
                0x08005550                        PROVIDE (__preinit_array_end = .)
                0x08005550                        . = ALIGN (0x4)

.init_array     0x08005550        0x4
                0x08005550                        . = ALIGN (0x4)
                0x08005550                        PROVIDE (__init_array_start = .)
 *(SORT_BY_NAME(.init_array.*))
 *(.init_array*)
 .init_array    0x08005550        0x4 C:/ST/STM32CubeIDE_1.18.0/STM32CubeIDE/plugins/com.st.stm32cube.ide.mcu.externaltools.gnu-tools-for-stm32.13.3.rel1.win32_1.0.0.202411081344/tools/bin/../lib/gcc/arm-none-eabi/13.3.1/thumb/v6-m/nofp/crtbegin.o
                0x08005554                        PROVIDE (__init_array_end = .)
                0x08005554                        . = ALIGN (0x4)

.fini_array     0x08005554        0x4
                0x08005554                        . = ALIGN (0x4)
                [!provide]                        PROVIDE (__fini_array_start = .)
 *(SORT_BY_NAME(.fini_array.*))
 *(.fini_array*)
 .fini_array    0x08005554        0x4 C:/ST/STM32CubeIDE_1.18.0/STM32CubeIDE/plugins/com.st.stm32cube.ide.mcu.externaltools.gnu-tools-for-stm32.13.3.rel1.win32_1.0.0.202411081344/tools/bin/../lib/gcc/arm-none-eabi/13.3.1/thumb/v6-m/nofp/crtbegin.o
                [!provide]                        PROVIDE (__fini_array_end = .)
                0x08005558                        . = ALIGN (0x4)
                0x08005558                        _sidata = LOADADDR (.data)

.rel.dyn        0x08005558        0x0
 .rel.iplt      0x08005558        0x0 C:/ST/STM32CubeIDE_1.18.0/STM32CubeIDE/plugins/com.st.stm32cube.ide.mcu.externaltools.gnu-tools-for-stm32.13.3.rel1.win32_1.0.0.202411081344/tools/bin/../lib/gcc/arm-none-eabi/13.3.1/thumb/v6-m/nofp/crtbegin.o

.data           0x20000000       0x80 load address 0x08005558
                0x20000000                        . = ALIGN (0x4)
                0x20000000                        _sdata = .
 *(.data)
 *(.data*)
 .data.SystemCoreClock
                0x20000000        0x4 ./Core/Src/system_stm32c0xx.o
                0x20000000                SystemCoreClock
 .data.COM_USART
                0x20000004        0x4 ./Drivers/BSP/STM32C0xx_Nucleo/stm32c0xx_nucleo.o
                0x20000004                COM_USART
 .data.LED_PORT
                0x20000008        0x8 ./Drivers/BSP/STM32C0xx_Nucleo/stm32c0xx_nucleo.o
 .data.BUTTON_PORT
                0x20000010        0x4 ./Drivers/BSP/STM32C0xx_Nucleo/stm32c0xx_nucleo.o
 .data.ButtonCallback.1
                0x20000014        0x4 ./Drivers/BSP/STM32C0xx_Nucleo/stm32c0xx_nucleo.o
 .data.BSP_BUTTON_PRIO.0
                0x20000018        0x4 ./Drivers/BSP/STM32C0xx_Nucleo/stm32c0xx_nucleo.o
 .data.uwTickPrio
                0x2000001c        0x4 ./Drivers/STM32C0xx_HAL_Driver/Src/stm32c0xx_hal.o
                0x2000001c                uwTickPrio
 .data.uwTickFreq
                0x20000020        0x1 ./Drivers/STM32C0xx_HAL_Driver/Src/stm32c0xx_hal.o
                0x20000020                uwTickFreq
 *fill*         0x20000021        0x3 
 .data.__sglue  0x20000024        0xc C:/ST/STM32CubeIDE_1.18.0/STM32CubeIDE/plugins/com.st.stm32cube.ide.mcu.externaltools.gnu-tools-for-stm32.13.3.rel1.win32_1.0.0.202411081344/tools/bin/../lib/gcc/arm-none-eabi/13.3.1/../../../../arm-none-eabi/lib/thumb/v6-m/nofp\libc_nano.a(libc_a-findfp.o)
                0x20000024                __sglue
 .data._impure_ptr
                0x20000030        0x4 C:/ST/STM32CubeIDE_1.18.0/STM32CubeIDE/plugins/com.st.stm32cube.ide.mcu.externaltools.gnu-tools-for-stm32.13.3.rel1.win32_1.0.0.202411081344/tools/bin/../lib/gcc/arm-none-eabi/13.3.1/../../../../arm-none-eabi/lib/thumb/v6-m/nofp\libc_nano.a(libc_a-impure.o)
                0x20000030                _impure_ptr
 .data._impure_data
                0x20000034       0x4c C:/ST/STM32CubeIDE_1.18.0/STM32CubeIDE/plugins/com.st.stm32cube.ide.mcu.externaltools.gnu-tools-for-stm32.13.3.rel1.win32_1.0.0.202411081344/tools/bin/../lib/gcc/arm-none-eabi/13.3.1/../../../../arm-none-eabi/lib/thumb/v6-m/nofp\libc_nano.a(libc_a-impure.o)
                0x20000034                _impure_data
 *(.RamFunc)
 *(.RamFunc*)
                0x20000080                        . = ALIGN (0x4)
                0x20000080                        _edata = .

.igot.plt       0x20000080        0x0 load address 0x080055d8
 .igot.plt      0x20000080        0x0 C:/ST/STM32CubeIDE_1.18.0/STM32CubeIDE/plugins/com.st.stm32cube.ide.mcu.externaltools.gnu-tools-for-stm32.13.3.rel1.win32_1.0.0.202411081344/tools/bin/../lib/gcc/arm-none-eabi/13.3.1/thumb/v6-m/nofp/crtbegin.o
                0x20000080                        . = ALIGN (0x4)

.bss            0x20000080      0x310 load address 0x080055d8
                0x20000080                        _sbss = .
                0x20000080                        __bss_start__ = _sbss
 *(.bss)
 .bss           0x20000080       0x1c C:/ST/STM32CubeIDE_1.18.0/STM32CubeIDE/plugins/com.st.stm32cube.ide.mcu.externaltools.gnu-tools-for-stm32.13.3.rel1.win32_1.0.0.202411081344/tools/bin/../lib/gcc/arm-none-eabi/13.3.1/thumb/v6-m/nofp/crtbegin.o
 *(.bss*)
 .bss.BspCOMInit
                0x2000009c       0x10 ./Core/Src/main.o
                0x2000009c                BspCOMInit
 .bss.BspButtonState
                0x200000ac        0x4 ./Core/Src/main.o
                0x200000ac                BspButtonState
 .bss.hi2c1     0x200000b0       0x54 ./Core/Src/main.o
                0x200000b0                hi2c1
 .bss.huart1    0x20000104       0x94 ./Core/Src/main.o
                0x20000104                huart1
 .bss.__sbrk_heap_end
                0x20000198        0x4 ./Core/Src/sysmem.o
 .bss.hpb_exti  0x2000019c        0xc ./Drivers/BSP/STM32C0xx_Nucleo/stm32c0xx_nucleo.o
                0x2000019c                hpb_exti
 .bss.hcom_uart
                0x200001a8       0x94 ./Drivers/BSP/STM32C0xx_Nucleo/stm32c0xx_nucleo.o
                0x200001a8                hcom_uart
 .bss.COM_ActiveLogPort
                0x2000023c        0x1 ./Drivers/BSP/STM32C0xx_Nucleo/stm32c0xx_nucleo.o
 *fill*         0x2000023d        0x3 
 .bss.uwTick    0x20000240        0x4 ./Drivers/STM32C0xx_HAL_Driver/Src/stm32c0xx_hal.o
                0x20000240                uwTick
 .bss.__sf      0x20000244      0x138 C:/ST/STM32CubeIDE_1.18.0/STM32CubeIDE/plugins/com.st.stm32cube.ide.mcu.externaltools.gnu-tools-for-stm32.13.3.rel1.win32_1.0.0.202411081344/tools/bin/../lib/gcc/arm-none-eabi/13.3.1/../../../../arm-none-eabi/lib/thumb/v6-m/nofp\libc_nano.a(libc_a-findfp.o)
                0x20000244                __sf
 .bss.__stdio_exit_handler
                0x2000037c        0x4 C:/ST/STM32CubeIDE_1.18.0/STM32CubeIDE/plugins/com.st.stm32cube.ide.mcu.externaltools.gnu-tools-for-stm32.13.3.rel1.win32_1.0.0.202411081344/tools/bin/../lib/gcc/arm-none-eabi/13.3.1/../../../../arm-none-eabi/lib/thumb/v6-m/nofp\libc_nano.a(libc_a-findfp.o)
                0x2000037c                __stdio_exit_handler
 .bss.errno     0x20000380        0x4 C:/ST/STM32CubeIDE_1.18.0/STM32CubeIDE/plugins/com.st.stm32cube.ide.mcu.externaltools.gnu-tools-for-stm32.13.3.rel1.win32_1.0.0.202411081344/tools/bin/../lib/gcc/arm-none-eabi/13.3.1/../../../../arm-none-eabi/lib/thumb/v6-m/nofp\libc_nano.a(libc_a-reent.o)
                0x20000380                errno
 .bss.__lock___malloc_recursive_mutex
                0x20000384        0x1 C:/ST/STM32CubeIDE_1.18.0/STM32CubeIDE/plugins/com.st.stm32cube.ide.mcu.externaltools.gnu-tools-for-stm32.13.3.rel1.win32_1.0.0.202411081344/tools/bin/../lib/gcc/arm-none-eabi/13.3.1/../../../../arm-none-eabi/lib/thumb/v6-m/nofp\libc_nano.a(libc_a-lock.o)
                0x20000384                __lock___malloc_recursive_mutex
 .bss.__lock___sfp_recursive_mutex
                0x20000385        0x1 C:/ST/STM32CubeIDE_1.18.0/STM32CubeIDE/plugins/com.st.stm32cube.ide.mcu.externaltools.gnu-tools-for-stm32.13.3.rel1.win32_1.0.0.202411081344/tools/bin/../lib/gcc/arm-none-eabi/13.3.1/../../../../arm-none-eabi/lib/thumb/v6-m/nofp\libc_nano.a(libc_a-lock.o)
                0x20000385                __lock___sfp_recursive_mutex
 *fill*         0x20000386        0x2 
 .bss.__malloc_sbrk_start
                0x20000388        0x4 C:/ST/STM32CubeIDE_1.18.0/STM32CubeIDE/plugins/com.st.stm32cube.ide.mcu.externaltools.gnu-tools-for-stm32.13.3.rel1.win32_1.0.0.202411081344/tools/bin/../lib/gcc/arm-none-eabi/13.3.1/../../../../arm-none-eabi/lib/thumb/v6-m/nofp\libc_nano.a(libc_a-mallocr.o)
                0x20000388                __malloc_sbrk_start
 .bss.__malloc_free_list
                0x2000038c        0x4 C:/ST/STM32CubeIDE_1.18.0/STM32CubeIDE/plugins/com.st.stm32cube.ide.mcu.externaltools.gnu-tools-for-stm32.13.3.rel1.win32_1.0.0.202411081344/tools/bin/../lib/gcc/arm-none-eabi/13.3.1/../../../../arm-none-eabi/lib/thumb/v6-m/nofp\libc_nano.a(libc_a-mallocr.o)
                0x2000038c                __malloc_free_list
 *(COMMON)
                0x20000390                        . = ALIGN (0x4)
                0x20000390                        _ebss = .
                0x20000390                        __bss_end__ = _ebss

._user_heap_stack
                0x20000390      0x600 load address 0x080055d8
                0x20000390                        . = ALIGN (0x8)
                [!provide]                        PROVIDE (end = .)
                0x20000390                        PROVIDE (_end = .)
                0x20000590                        . = (. + _Min_Heap_Size)
 *fill*         0x20000390      0x200 
                0x20000990                        . = (. + _Min_Stack_Size)
 *fill*         0x20000590      0x400 
                0x20000990                        . = ALIGN (0x8)

/DISCARD/
 libc.a(*)
 libm.a(*)
 libgcc.a(*)

.ARM.attributes
                0x00000000       0x28
 *(.ARM.attributes)
 .ARM.attributes
                0x00000000       0x1e C:/ST/STM32CubeIDE_1.18.0/STM32CubeIDE/plugins/com.st.stm32cube.ide.mcu.externaltools.gnu-tools-for-stm32.13.3.rel1.win32_1.0.0.202411081344/tools/bin/../lib/gcc/arm-none-eabi/13.3.1/thumb/v6-m/nofp/crti.o
 .ARM.attributes
                0x0000001e       0x2c C:/ST/STM32CubeIDE_1.18.0/STM32CubeIDE/plugins/com.st.stm32cube.ide.mcu.externaltools.gnu-tools-for-stm32.13.3.rel1.win32_1.0.0.202411081344/tools/bin/../lib/gcc/arm-none-eabi/13.3.1/thumb/v6-m/nofp/crtbegin.o
 .ARM.attributes
                0x0000004a       0x2c ./Core/Src/main.o
 .ARM.attributes
                0x00000076       0x2c ./Core/Src/stm32c0xx_hal_msp.o
 .ARM.attributes
                0x000000a2       0x2c ./Core/Src/stm32c0xx_it.o
 .ARM.attributes
                0x000000ce       0x2c ./Core/Src/syscalls.o
 .ARM.attributes
                0x000000fa       0x2c ./Core/Src/sysmem.o
 .ARM.attributes
                0x00000126       0x2c ./Core/Src/system_stm32c0xx.o
 .ARM.attributes
                0x00000152       0x22 ./Core/Startup/startup_stm32c031c6tx.o
 .ARM.attributes
                0x00000174       0x2c ./Drivers/BSP/STM32C0xx_Nucleo/stm32c0xx_nucleo.o
 .ARM.attributes
                0x000001a0       0x2c ./Drivers/PN532/pn532.o
 .ARM.attributes
                0x000001cc       0x2c ./Drivers/PN532/pn532_stm32f1.o
 .ARM.attributes
                0x000001f8       0x2c ./Drivers/STM32C0xx_HAL_Driver/Src/stm32c0xx_hal.o
 .ARM.attributes
                0x00000224       0x2c ./Drivers/STM32C0xx_HAL_Driver/Src/stm32c0xx_hal_cortex.o
 .ARM.attributes
                0x00000250       0x2c ./Drivers/STM32C0xx_HAL_Driver/Src/stm32c0xx_hal_exti.o
 .ARM.attributes
                0x0000027c       0x2c ./Drivers/STM32C0xx_HAL_Driver/Src/stm32c0xx_hal_gpio.o
 .ARM.attributes
                0x000002a8       0x2c ./Drivers/STM32C0xx_HAL_Driver/Src/stm32c0xx_hal_i2c.o
 .ARM.attributes
                0x000002d4       0x2c ./Drivers/STM32C0xx_HAL_Driver/Src/stm32c0xx_hal_i2c_ex.o
 .ARM.attributes
                0x00000300       0x2c ./Drivers/STM32C0xx_HAL_Driver/Src/stm32c0xx_hal_rcc.o
 .ARM.attributes
                0x0000032c       0x2c ./Drivers/STM32C0xx_HAL_Driver/Src/stm32c0xx_hal_rcc_ex.o
 .ARM.attributes
                0x00000358       0x2c ./Drivers/STM32C0xx_HAL_Driver/Src/stm32c0xx_hal_uart.o
 .ARM.attributes
                0x00000384       0x2c ./Drivers/STM32C0xx_HAL_Driver/Src/stm32c0xx_hal_uart_ex.o
 .ARM.attributes
                0x000003b0       0x2c C:/ST/STM32CubeIDE_1.18.0/STM32CubeIDE/plugins/com.st.stm32cube.ide.mcu.externaltools.gnu-tools-for-stm32.13.3.rel1.win32_1.0.0.202411081344/tools/bin/../lib/gcc/arm-none-eabi/13.3.1/../../../../arm-none-eabi/lib/thumb/v6-m/nofp\libc_nano.a(libc_a-findfp.o)
 .ARM.attributes
                0x000003dc       0x2c C:/ST/STM32CubeIDE_1.18.0/STM32CubeIDE/plugins/com.st.stm32cube.ide.mcu.externaltools.gnu-tools-for-stm32.13.3.rel1.win32_1.0.0.202411081344/tools/bin/../lib/gcc/arm-none-eabi/13.3.1/../../../../arm-none-eabi/lib/thumb/v6-m/nofp\libc_nano.a(libc_a-fwalk.o)
 .ARM.attributes
                0x00000408       0x2c C:/ST/STM32CubeIDE_1.18.0/STM32CubeIDE/plugins/com.st.stm32cube.ide.mcu.externaltools.gnu-tools-for-stm32.13.3.rel1.win32_1.0.0.202411081344/tools/bin/../lib/gcc/arm-none-eabi/13.3.1/../../../../arm-none-eabi/lib/thumb/v6-m/nofp\libc_nano.a(libc_a-printf.o)
 .ARM.attributes
                0x00000434       0x2c C:/ST/STM32CubeIDE_1.18.0/STM32CubeIDE/plugins/com.st.stm32cube.ide.mcu.externaltools.gnu-tools-for-stm32.13.3.rel1.win32_1.0.0.202411081344/tools/bin/../lib/gcc/arm-none-eabi/13.3.1/../../../../arm-none-eabi/lib/thumb/v6-m/nofp\libc_nano.a(libc_a-putchar.o)
 .ARM.attributes
                0x00000460       0x2c C:/ST/STM32CubeIDE_1.18.0/STM32CubeIDE/plugins/com.st.stm32cube.ide.mcu.externaltools.gnu-tools-for-stm32.13.3.rel1.win32_1.0.0.202411081344/tools/bin/../lib/gcc/arm-none-eabi/13.3.1/../../../../arm-none-eabi/lib/thumb/v6-m/nofp\libc_nano.a(libc_a-puts.o)
 .ARM.attributes
                0x0000048c       0x2c C:/ST/STM32CubeIDE_1.18.0/STM32CubeIDE/plugins/com.st.stm32cube.ide.mcu.externaltools.gnu-tools-for-stm32.13.3.rel1.win32_1.0.0.202411081344/tools/bin/../lib/gcc/arm-none-eabi/13.3.1/../../../../arm-none-eabi/lib/thumb/v6-m/nofp\libc_nano.a(libc_a-stdio.o)
 .ARM.attributes
                0x000004b8       0x2c C:/ST/STM32CubeIDE_1.18.0/STM32CubeIDE/plugins/com.st.stm32cube.ide.mcu.externaltools.gnu-tools-for-stm32.13.3.rel1.win32_1.0.0.202411081344/tools/bin/../lib/gcc/arm-none-eabi/13.3.1/../../../../arm-none-eabi/lib/thumb/v6-m/nofp\libc_nano.a(libc_a-wbuf.o)
 .ARM.attributes
                0x000004e4       0x2c C:/ST/STM32CubeIDE_1.18.0/STM32CubeIDE/plugins/com.st.stm32cube.ide.mcu.externaltools.gnu-tools-for-stm32.13.3.rel1.win32_1.0.0.202411081344/tools/bin/../lib/gcc/arm-none-eabi/13.3.1/../../../../arm-none-eabi/lib/thumb/v6-m/nofp\libc_nano.a(libc_a-wsetup.o)
 .ARM.attributes
                0x00000510       0x2c C:/ST/STM32CubeIDE_1.18.0/STM32CubeIDE/plugins/com.st.stm32cube.ide.mcu.externaltools.gnu-tools-for-stm32.13.3.rel1.win32_1.0.0.202411081344/tools/bin/../lib/gcc/arm-none-eabi/13.3.1/../../../../arm-none-eabi/lib/thumb/v6-m/nofp\libc_nano.a(libc_a-memset.o)
 .ARM.attributes
                0x0000053c       0x2c C:/ST/STM32CubeIDE_1.18.0/STM32CubeIDE/plugins/com.st.stm32cube.ide.mcu.externaltools.gnu-tools-for-stm32.13.3.rel1.win32_1.0.0.202411081344/tools/bin/../lib/gcc/arm-none-eabi/13.3.1/../../../../arm-none-eabi/lib/thumb/v6-m/nofp\libc_nano.a(libc_a-closer.o)
 .ARM.attributes
                0x00000568       0x2c C:/ST/STM32CubeIDE_1.18.0/STM32CubeIDE/plugins/com.st.stm32cube.ide.mcu.externaltools.gnu-tools-for-stm32.13.3.rel1.win32_1.0.0.202411081344/tools/bin/../lib/gcc/arm-none-eabi/13.3.1/../../../../arm-none-eabi/lib/thumb/v6-m/nofp\libc_nano.a(libc_a-reent.o)
 .ARM.attributes
                0x00000594       0x2c C:/ST/STM32CubeIDE_1.18.0/STM32CubeIDE/plugins/com.st.stm32cube.ide.mcu.externaltools.gnu-tools-for-stm32.13.3.rel1.win32_1.0.0.202411081344/tools/bin/../lib/gcc/arm-none-eabi/13.3.1/../../../../arm-none-eabi/lib/thumb/v6-m/nofp\libc_nano.a(libc_a-impure.o)
 .ARM.attributes
                0x000005c0       0x2c C:/ST/STM32CubeIDE_1.18.0/STM32CubeIDE/plugins/com.st.stm32cube.ide.mcu.externaltools.gnu-tools-for-stm32.13.3.rel1.win32_1.0.0.202411081344/tools/bin/../lib/gcc/arm-none-eabi/13.3.1/../../../../arm-none-eabi/lib/thumb/v6-m/nofp\libc_nano.a(libc_a-lseekr.o)
 .ARM.attributes
                0x000005ec       0x2c C:/ST/STM32CubeIDE_1.18.0/STM32CubeIDE/plugins/com.st.stm32cube.ide.mcu.externaltools.gnu-tools-for-stm32.13.3.rel1.win32_1.0.0.202411081344/tools/bin/../lib/gcc/arm-none-eabi/13.3.1/../../../../arm-none-eabi/lib/thumb/v6-m/nofp\libc_nano.a(libc_a-readr.o)
 .ARM.attributes
                0x00000618       0x2c C:/ST/STM32CubeIDE_1.18.0/STM32CubeIDE/plugins/com.st.stm32cube.ide.mcu.externaltools.gnu-tools-for-stm32.13.3.rel1.win32_1.0.0.202411081344/tools/bin/../lib/gcc/arm-none-eabi/13.3.1/../../../../arm-none-eabi/lib/thumb/v6-m/nofp\libc_nano.a(libc_a-writer.o)
 .ARM.attributes
                0x00000644       0x2c C:/ST/STM32CubeIDE_1.18.0/STM32CubeIDE/plugins/com.st.stm32cube.ide.mcu.externaltools.gnu-tools-for-stm32.13.3.rel1.win32_1.0.0.202411081344/tools/bin/../lib/gcc/arm-none-eabi/13.3.1/../../../../arm-none-eabi/lib/thumb/v6-m/nofp\libc_nano.a(libc_a-errno.o)
 .ARM.attributes
                0x00000670       0x2c C:/ST/STM32CubeIDE_1.18.0/STM32CubeIDE/plugins/com.st.stm32cube.ide.mcu.externaltools.gnu-tools-for-stm32.13.3.rel1.win32_1.0.0.202411081344/tools/bin/../lib/gcc/arm-none-eabi/13.3.1/../../../../arm-none-eabi/lib/thumb/v6-m/nofp\libc_nano.a(libc_a-init.o)
 .ARM.attributes
                0x0000069c       0x2c C:/ST/STM32CubeIDE_1.18.0/STM32CubeIDE/plugins/com.st.stm32cube.ide.mcu.externaltools.gnu-tools-for-stm32.13.3.rel1.win32_1.0.0.202411081344/tools/bin/../lib/gcc/arm-none-eabi/13.3.1/../../../../arm-none-eabi/lib/thumb/v6-m/nofp\libc_nano.a(libc_a-lock.o)
 .ARM.attributes
                0x000006c8       0x2c C:/ST/STM32CubeIDE_1.18.0/STM32CubeIDE/plugins/com.st.stm32cube.ide.mcu.externaltools.gnu-tools-for-stm32.13.3.rel1.win32_1.0.0.202411081344/tools/bin/../lib/gcc/arm-none-eabi/13.3.1/../../../../arm-none-eabi/lib/thumb/v6-m/nofp\libc_nano.a(libc_a-freer.o)
 .ARM.attributes
                0x000006f4       0x2c C:/ST/STM32CubeIDE_1.18.0/STM32CubeIDE/plugins/com.st.stm32cube.ide.mcu.externaltools.gnu-tools-for-stm32.13.3.rel1.win32_1.0.0.202411081344/tools/bin/../lib/gcc/arm-none-eabi/13.3.1/../../../../arm-none-eabi/lib/thumb/v6-m/nofp\libc_nano.a(libc_a-mallocr.o)
 .ARM.attributes
                0x00000720       0x2c C:/ST/STM32CubeIDE_1.18.0/STM32CubeIDE/plugins/com.st.stm32cube.ide.mcu.externaltools.gnu-tools-for-stm32.13.3.rel1.win32_1.0.0.202411081344/tools/bin/../lib/gcc/arm-none-eabi/13.3.1/../../../../arm-none-eabi/lib/thumb/v6-m/nofp\libc_nano.a(libc_a-mlock.o)
 .ARM.attributes
                0x0000074c       0x2c C:/ST/STM32CubeIDE_1.18.0/STM32CubeIDE/plugins/com.st.stm32cube.ide.mcu.externaltools.gnu-tools-for-stm32.13.3.rel1.win32_1.0.0.202411081344/tools/bin/../lib/gcc/arm-none-eabi/13.3.1/../../../../arm-none-eabi/lib/thumb/v6-m/nofp\libc_nano.a(libc_a-nano-vfprintf.o)
 .ARM.attributes
                0x00000778       0x2c C:/ST/STM32CubeIDE_1.18.0/STM32CubeIDE/plugins/com.st.stm32cube.ide.mcu.externaltools.gnu-tools-for-stm32.13.3.rel1.win32_1.0.0.202411081344/tools/bin/../lib/gcc/arm-none-eabi/13.3.1/../../../../arm-none-eabi/lib/thumb/v6-m/nofp\libc_nano.a(libc_a-nano-vfprintf_i.o)
 .ARM.attributes
                0x000007a4       0x2c C:/ST/STM32CubeIDE_1.18.0/STM32CubeIDE/plugins/com.st.stm32cube.ide.mcu.externaltools.gnu-tools-for-stm32.13.3.rel1.win32_1.0.0.202411081344/tools/bin/../lib/gcc/arm-none-eabi/13.3.1/../../../../arm-none-eabi/lib/thumb/v6-m/nofp\libc_nano.a(libc_a-fflush.o)
 .ARM.attributes
                0x000007d0       0x2c C:/ST/STM32CubeIDE_1.18.0/STM32CubeIDE/plugins/com.st.stm32cube.ide.mcu.externaltools.gnu-tools-for-stm32.13.3.rel1.win32_1.0.0.202411081344/tools/bin/../lib/gcc/arm-none-eabi/13.3.1/../../../../arm-none-eabi/lib/thumb/v6-m/nofp\libc_nano.a(libc_a-makebuf.o)
 .ARM.attributes
                0x000007fc       0x2c C:/ST/STM32CubeIDE_1.18.0/STM32CubeIDE/plugins/com.st.stm32cube.ide.mcu.externaltools.gnu-tools-for-stm32.13.3.rel1.win32_1.0.0.202411081344/tools/bin/../lib/gcc/arm-none-eabi/13.3.1/../../../../arm-none-eabi/lib/thumb/v6-m/nofp\libc_nano.a(libc_a-putc.o)
 .ARM.attributes
                0x00000828       0x2c C:/ST/STM32CubeIDE_1.18.0/STM32CubeIDE/plugins/com.st.stm32cube.ide.mcu.externaltools.gnu-tools-for-stm32.13.3.rel1.win32_1.0.0.202411081344/tools/bin/../lib/gcc/arm-none-eabi/13.3.1/../../../../arm-none-eabi/lib/thumb/v6-m/nofp\libc_nano.a(libc_a-fstatr.o)
 .ARM.attributes
                0x00000854       0x2c C:/ST/STM32CubeIDE_1.18.0/STM32CubeIDE/plugins/com.st.stm32cube.ide.mcu.externaltools.gnu-tools-for-stm32.13.3.rel1.win32_1.0.0.202411081344/tools/bin/../lib/gcc/arm-none-eabi/13.3.1/../../../../arm-none-eabi/lib/thumb/v6-m/nofp\libc_nano.a(libc_a-isattyr.o)
 .ARM.attributes
                0x00000880       0x2c C:/ST/STM32CubeIDE_1.18.0/STM32CubeIDE/plugins/com.st.stm32cube.ide.mcu.externaltools.gnu-tools-for-stm32.13.3.rel1.win32_1.0.0.202411081344/tools/bin/../lib/gcc/arm-none-eabi/13.3.1/../../../../arm-none-eabi/lib/thumb/v6-m/nofp\libc_nano.a(libc_a-sbrkr.o)
 .ARM.attributes
                0x000008ac       0x2c C:/ST/STM32CubeIDE_1.18.0/STM32CubeIDE/plugins/com.st.stm32cube.ide.mcu.externaltools.gnu-tools-for-stm32.13.3.rel1.win32_1.0.0.202411081344/tools/bin/../lib/gcc/arm-none-eabi/13.3.1/../../../../arm-none-eabi/lib/thumb/v6-m/nofp\libc_nano.a(libc_a-memchr-stub.o)
 .ARM.attributes
                0x000008d8       0x1e C:/ST/STM32CubeIDE_1.18.0/STM32CubeIDE/plugins/com.st.stm32cube.ide.mcu.externaltools.gnu-tools-for-stm32.13.3.rel1.win32_1.0.0.202411081344/tools/bin/../lib/gcc/arm-none-eabi/13.3.1/thumb/v6-m/nofp\libgcc.a(_thumb1_case_shi.o)
 .ARM.attributes
                0x000008f6       0x1e C:/ST/STM32CubeIDE_1.18.0/STM32CubeIDE/plugins/com.st.stm32cube.ide.mcu.externaltools.gnu-tools-for-stm32.13.3.rel1.win32_1.0.0.202411081344/tools/bin/../lib/gcc/arm-none-eabi/13.3.1/thumb/v6-m/nofp\libgcc.a(_udivsi3.o)
 .ARM.attributes
                0x00000914       0x1e C:/ST/STM32CubeIDE_1.18.0/STM32CubeIDE/plugins/com.st.stm32cube.ide.mcu.externaltools.gnu-tools-for-stm32.13.3.rel1.win32_1.0.0.202411081344/tools/bin/../lib/gcc/arm-none-eabi/13.3.1/thumb/v6-m/nofp\libgcc.a(_divsi3.o)
 .ARM.attributes
                0x00000932       0x1e C:/ST/STM32CubeIDE_1.18.0/STM32CubeIDE/plugins/com.st.stm32cube.ide.mcu.externaltools.gnu-tools-for-stm32.13.3.rel1.win32_1.0.0.202411081344/tools/bin/../lib/gcc/arm-none-eabi/13.3.1/thumb/v6-m/nofp\libgcc.a(_dvmd_tls.o)
 .ARM.attributes
                0x00000950       0x1e C:/ST/STM32CubeIDE_1.18.0/STM32CubeIDE/plugins/com.st.stm32cube.ide.mcu.externaltools.gnu-tools-for-stm32.13.3.rel1.win32_1.0.0.202411081344/tools/bin/../lib/gcc/arm-none-eabi/13.3.1/thumb/v6-m/nofp/crtn.o
OUTPUT(SmartDoorLock.elf elf32-littlearm)
LOAD linker stubs
LOAD C:/ST/STM32CubeIDE_1.18.0/STM32CubeIDE/plugins/com.st.stm32cube.ide.mcu.externaltools.gnu-tools-for-stm32.13.3.rel1.win32_1.0.0.202411081344/tools/bin/../lib/gcc/arm-none-eabi/13.3.1/../../../../arm-none-eabi/lib/thumb/v6-m/nofp\libc.a
LOAD C:/ST/STM32CubeIDE_1.18.0/STM32CubeIDE/plugins/com.st.stm32cube.ide.mcu.externaltools.gnu-tools-for-stm32.13.3.rel1.win32_1.0.0.202411081344/tools/bin/../lib/gcc/arm-none-eabi/13.3.1/../../../../arm-none-eabi/lib/thumb/v6-m/nofp\libm.a
LOAD C:/ST/STM32CubeIDE_1.18.0/STM32CubeIDE/plugins/com.st.stm32cube.ide.mcu.externaltools.gnu-tools-for-stm32.13.3.rel1.win32_1.0.0.202411081344/tools/bin/../lib/gcc/arm-none-eabi/13.3.1/thumb/v6-m/nofp\libgcc.a

.debug_info     0x00000000    0x1074f
 .debug_info    0x00000000     0x140d ./Core/Src/main.o
 .debug_info    0x0000140d      0xee6 ./Core/Src/stm32c0xx_hal_msp.o
 .debug_info    0x000022f3      0x122 ./Core/Src/stm32c0xx_it.o
 .debug_info    0x00002415      0x6a3 ./Core/Src/syscalls.o
 .debug_info    0x00002ab8      0x168 ./Core/Src/sysmem.o
 .debug_info    0x00002c20      0x373 ./Core/Src/system_stm32c0xx.o
 .debug_info    0x00002f93       0x30 ./Core/Startup/startup_stm32c031c6tx.o
 .debug_info    0x00002fc3     0x1523 ./Drivers/BSP/STM32C0xx_Nucleo/stm32c0xx_nucleo.o
 .debug_info    0x000044e6      0x98e ./Drivers/PN532/pn532.o
 .debug_info    0x00004e74      0xaca ./Drivers/PN532/pn532_stm32f1.o
 .debug_info    0x0000593e      0x832 ./Drivers/STM32C0xx_HAL_Driver/Src/stm32c0xx_hal.o
 .debug_info    0x00006170      0x87b ./Drivers/STM32C0xx_HAL_Driver/Src/stm32c0xx_hal_cortex.o
 .debug_info    0x000069eb      0x63f ./Drivers/STM32C0xx_HAL_Driver/Src/stm32c0xx_hal_exti.o
 .debug_info    0x0000702a      0x5b7 ./Drivers/STM32C0xx_HAL_Driver/Src/stm32c0xx_hal_gpio.o
 .debug_info    0x000075e1     0x21b8 ./Drivers/STM32C0xx_HAL_Driver/Src/stm32c0xx_hal_i2c.o
 .debug_info    0x00009799      0x9cd ./Drivers/STM32C0xx_HAL_Driver/Src/stm32c0xx_hal_i2c_ex.o
 .debug_info    0x0000a166      0x903 ./Drivers/STM32C0xx_HAL_Driver/Src/stm32c0xx_hal_rcc.o
 .debug_info    0x0000aa69      0x551 ./Drivers/STM32C0xx_HAL_Driver/Src/stm32c0xx_hal_rcc_ex.o
 .debug_info    0x0000afba     0x4828 ./Drivers/STM32C0xx_HAL_Driver/Src/stm32c0xx_hal_uart.o
 .debug_info    0x0000f7e2      0xf6d ./Drivers/STM32C0xx_HAL_Driver/Src/stm32c0xx_hal_uart_ex.o

.debug_abbrev   0x00000000     0x2834
 .debug_abbrev  0x00000000      0x2d3 ./Core/Src/main.o
 .debug_abbrev  0x000002d3      0x1de ./Core/Src/stm32c0xx_hal_msp.o
 .debug_abbrev  0x000004b1       0xbc ./Core/Src/stm32c0xx_it.o
 .debug_abbrev  0x0000056d      0x1b6 ./Core/Src/syscalls.o
 .debug_abbrev  0x00000723       0xbc ./Core/Src/sysmem.o
 .debug_abbrev  0x000007df      0x119 ./Core/Src/system_stm32c0xx.o
 .debug_abbrev  0x000008f8       0x24 ./Core/Startup/startup_stm32c031c6tx.o
 .debug_abbrev  0x0000091c      0x326 ./Drivers/BSP/STM32C0xx_Nucleo/stm32c0xx_nucleo.o
 .debug_abbrev  0x00000c42      0x1c2 ./Drivers/PN532/pn532.o
 .debug_abbrev  0x00000e04      0x279 ./Drivers/PN532/pn532_stm32f1.o
 .debug_abbrev  0x0000107d      0x2cb ./Drivers/STM32C0xx_HAL_Driver/Src/stm32c0xx_hal.o
 .debug_abbrev  0x00001348      0x2b7 ./Drivers/STM32C0xx_HAL_Driver/Src/stm32c0xx_hal_cortex.o
 .debug_abbrev  0x000015ff      0x165 ./Drivers/STM32C0xx_HAL_Driver/Src/stm32c0xx_hal_exti.o
 .debug_abbrev  0x00001764      0x1d6 ./Drivers/STM32C0xx_HAL_Driver/Src/stm32c0xx_hal_gpio.o
 .debug_abbrev  0x0000193a      0x26e ./Drivers/STM32C0xx_HAL_Driver/Src/stm32c0xx_hal_i2c.o
 .debug_abbrev  0x00001ba8      0x1e3 ./Drivers/STM32C0xx_HAL_Driver/Src/stm32c0xx_hal_i2c_ex.o
 .debug_abbrev  0x00001d8b      0x28b ./Drivers/STM32C0xx_HAL_Driver/Src/stm32c0xx_hal_rcc.o
 .debug_abbrev  0x00002016      0x225 ./Drivers/STM32C0xx_HAL_Driver/Src/stm32c0xx_hal_rcc_ex.o
 .debug_abbrev  0x0000223b      0x314 ./Drivers/STM32C0xx_HAL_Driver/Src/stm32c0xx_hal_uart.o
 .debug_abbrev  0x0000254f      0x2e5 ./Drivers/STM32C0xx_HAL_Driver/Src/stm32c0xx_hal_uart_ex.o

.debug_aranges  0x00000000      0xd18
 .debug_aranges
                0x00000000       0x50 ./Core/Src/main.o
 .debug_aranges
                0x00000050       0x40 ./Core/Src/stm32c0xx_hal_msp.o
 .debug_aranges
                0x00000090       0x48 ./Core/Src/stm32c0xx_it.o
 .debug_aranges
                0x000000d8       0xa8 ./Core/Src/syscalls.o
 .debug_aranges
                0x00000180       0x20 ./Core/Src/sysmem.o
 .debug_aranges
                0x000001a0       0x28 ./Core/Src/system_stm32c0xx.o
 .debug_aranges
                0x000001c8       0x28 ./Core/Startup/startup_stm32c031c6tx.o
 .debug_aranges
                0x000001f0       0xc8 ./Drivers/BSP/STM32C0xx_Nucleo/stm32c0xx_nucleo.o
 .debug_aranges
                0x000002b8       0x98 ./Drivers/PN532/pn532.o
 .debug_aranges
                0x00000350       0x60 ./Drivers/PN532/pn532_stm32f1.o
 .debug_aranges
                0x000003b0      0x100 ./Drivers/STM32C0xx_HAL_Driver/Src/stm32c0xx_hal.o
 .debug_aranges
                0x000004b0       0xe8 ./Drivers/STM32C0xx_HAL_Driver/Src/stm32c0xx_hal_cortex.o
 .debug_aranges
                0x00000598       0x60 ./Drivers/STM32C0xx_HAL_Driver/Src/stm32c0xx_hal_exti.o
 .debug_aranges
                0x000005f8       0x68 ./Drivers/STM32C0xx_HAL_Driver/Src/stm32c0xx_hal_gpio.o
 .debug_aranges
                0x00000660      0x2a0 ./Drivers/STM32C0xx_HAL_Driver/Src/stm32c0xx_hal_i2c.o
 .debug_aranges
                0x00000900       0x48 ./Drivers/STM32C0xx_HAL_Driver/Src/stm32c0xx_hal_i2c_ex.o
 .debug_aranges
                0x00000948       0xa0 ./Drivers/STM32C0xx_HAL_Driver/Src/stm32c0xx_hal_rcc.o
 .debug_aranges
                0x000009e8       0x40 ./Drivers/STM32C0xx_HAL_Driver/Src/stm32c0xx_hal_rcc_ex.o
 .debug_aranges
                0x00000a28      0x248 ./Drivers/STM32C0xx_HAL_Driver/Src/stm32c0xx_hal_uart.o
 .debug_aranges
                0x00000c70       0xa8 ./Drivers/STM32C0xx_HAL_Driver/Src/stm32c0xx_hal_uart_ex.o

.debug_rnglists
                0x00000000      0xa1f
 .debug_rnglists
                0x00000000       0x3b ./Core/Src/main.o
 .debug_rnglists
                0x0000003b       0x2d ./Core/Src/stm32c0xx_hal_msp.o
 .debug_rnglists
                0x00000068       0x31 ./Core/Src/stm32c0xx_it.o
 .debug_rnglists
                0x00000099       0x79 ./Core/Src/syscalls.o
 .debug_rnglists
                0x00000112       0x13 ./Core/Src/sysmem.o
 .debug_rnglists
                0x00000125       0x1a ./Core/Src/system_stm32c0xx.o
 .debug_rnglists
                0x0000013f       0x19 ./Core/Startup/startup_stm32c031c6tx.o
 .debug_rnglists
                0x00000158       0x95 ./Drivers/BSP/STM32C0xx_Nucleo/stm32c0xx_nucleo.o
 .debug_rnglists
                0x000001ed       0x78 ./Drivers/PN532/pn532.o
 .debug_rnglists
                0x00000265       0x44 ./Drivers/PN532/pn532_stm32f1.o
 .debug_rnglists
                0x000002a9       0xbc ./Drivers/STM32C0xx_HAL_Driver/Src/stm32c0xx_hal.o
 .debug_rnglists
                0x00000365       0xaa ./Drivers/STM32C0xx_HAL_Driver/Src/stm32c0xx_hal_cortex.o
 .debug_rnglists
                0x0000040f       0x47 ./Drivers/STM32C0xx_HAL_Driver/Src/stm32c0xx_hal_exti.o
 .debug_rnglists
                0x00000456       0x4b ./Drivers/STM32C0xx_HAL_Driver/Src/stm32c0xx_hal_gpio.o
 .debug_rnglists
                0x000004a1      0x229 ./Drivers/STM32C0xx_HAL_Driver/Src/stm32c0xx_hal_i2c.o
 .debug_rnglists
                0x000006ca       0x35 ./Drivers/STM32C0xx_HAL_Driver/Src/stm32c0xx_hal_i2c_ex.o
 .debug_rnglists
                0x000006ff       0x78 ./Drivers/STM32C0xx_HAL_Driver/Src/stm32c0xx_hal_rcc.o
 .debug_rnglists
                0x00000777       0x2d ./Drivers/STM32C0xx_HAL_Driver/Src/stm32c0xx_hal_rcc_ex.o
 .debug_rnglists
                0x000007a4      0x1fb ./Drivers/STM32C0xx_HAL_Driver/Src/stm32c0xx_hal_uart.o
 .debug_rnglists
                0x0000099f       0x80 ./Drivers/STM32C0xx_HAL_Driver/Src/stm32c0xx_hal_uart_ex.o

.debug_macro    0x00000000    0x158a7
 .debug_macro   0x00000000      0x2ff ./Core/Src/main.o
 .debug_macro   0x000002ff      0xab4 ./Core/Src/main.o
 .debug_macro   0x00000db3       0x2e ./Core/Src/main.o
 .debug_macro   0x00000de1       0x28 ./Core/Src/main.o
 .debug_macro   0x00000e09       0x22 ./Core/Src/main.o
 .debug_macro   0x00000e2b       0x8e ./Core/Src/main.o
 .debug_macro   0x00000eb9       0x51 ./Core/Src/main.o
 .debug_macro   0x00000f0a      0x103 ./Core/Src/main.o
 .debug_macro   0x0000100d       0x6a ./Core/Src/main.o
 .debug_macro   0x00001077      0x1df ./Core/Src/main.o
 .debug_macro   0x00001256       0x1c ./Core/Src/main.o
 .debug_macro   0x00001272       0x22 ./Core/Src/main.o
 .debug_macro   0x00001294       0xd1 ./Core/Src/main.o
 .debug_macro   0x00001365      0x4da ./Core/Src/main.o
 .debug_macro   0x0000183f      0x11f ./Core/Src/main.o
 .debug_macro   0x0000195e     0x93cf ./Core/Src/main.o
 .debug_macro   0x0000ad2d       0x6d ./Core/Src/main.o
 .debug_macro   0x0000ad9a      0x175 ./Core/Src/main.o
 .debug_macro   0x0000af0f       0xe9 ./Core/Src/main.o
 .debug_macro   0x0000aff8     0x3440 ./Core/Src/main.o
 .debug_macro   0x0000e438      0x190 ./Core/Src/main.o
 .debug_macro   0x0000e5c8       0x5b ./Core/Src/main.o
 .debug_macro   0x0000e623      0x366 ./Core/Src/main.o
 .debug_macro   0x0000e989      0xb47 ./Core/Src/main.o
 .debug_macro   0x0000f4d0      0x145 ./Core/Src/main.o
 .debug_macro   0x0000f615      0x15f ./Core/Src/main.o
 .debug_macro   0x0000f774      0x19d ./Core/Src/main.o
 .debug_macro   0x0000f911      0x264 ./Core/Src/main.o
 .debug_macro   0x0000fb75      0x17e ./Core/Src/main.o
 .debug_macro   0x0000fcf3       0x43 ./Core/Src/main.o
 .debug_macro   0x0000fd36      0x1f1 ./Core/Src/main.o
 .debug_macro   0x0000ff27      0x1b1 ./Core/Src/main.o
 .debug_macro   0x000100d8      0x37c ./Core/Src/main.o
 .debug_macro   0x00010454       0x28 ./Core/Src/main.o
 .debug_macro   0x0001047c       0xb3 ./Core/Src/main.o
 .debug_macro   0x0001052f      0x22c ./Core/Src/main.o
 .debug_macro   0x0001075b       0x67 ./Core/Src/main.o
 .debug_macro   0x000107c2       0xa5 ./Core/Src/main.o
 .debug_macro   0x00010867      0x104 ./Core/Src/main.o
 .debug_macro   0x0001096b       0xf6 ./Core/Src/main.o
 .debug_macro   0x00010a61      0x67e ./Core/Src/main.o
 .debug_macro   0x000110df       0xa6 ./Core/Src/main.o
 .debug_macro   0x00011185      0x3a9 ./Core/Src/main.o
 .debug_macro   0x0001152e       0x22 ./Core/Src/main.o
 .debug_macro   0x00011550       0x52 ./Core/Src/main.o
 .debug_macro   0x000115a2       0x61 ./Core/Src/main.o
 .debug_macro   0x00011603       0x24 ./Core/Src/main.o
 .debug_macro   0x00011627       0x43 ./Core/Src/main.o
 .debug_macro   0x0001166a       0x34 ./Core/Src/main.o
 .debug_macro   0x0001169e       0x16 ./Core/Src/main.o
 .debug_macro   0x000116b4       0x3c ./Core/Src/main.o
 .debug_macro   0x000116f0      0x370 ./Core/Src/main.o
 .debug_macro   0x00011a60       0x10 ./Core/Src/main.o
 .debug_macro   0x00011a70       0x16 ./Core/Src/main.o
 .debug_macro   0x00011a86       0x4a ./Core/Src/main.o
 .debug_macro   0x00011ad0       0x34 ./Core/Src/main.o
 .debug_macro   0x00011b04       0x10 ./Core/Src/main.o
 .debug_macro   0x00011b14       0x58 ./Core/Src/main.o
 .debug_macro   0x00011b6c       0x8e ./Core/Src/main.o
 .debug_macro   0x00011bfa       0x1c ./Core/Src/main.o
 .debug_macro   0x00011c16      0x185 ./Core/Src/main.o
 .debug_macro   0x00011d9b       0x16 ./Core/Src/main.o
 .debug_macro   0x00011db1       0x16 ./Core/Src/main.o
 .debug_macro   0x00011dc7      0x146 ./Core/Src/main.o
 .debug_macro   0x00011f0d      0x10e ./Core/Src/main.o
 .debug_macro   0x0001201b       0x4c ./Core/Src/main.o
 .debug_macro   0x00012067       0x22 ./Core/Src/main.o
 .debug_macro   0x00012089      0x36c ./Core/Src/main.o
 .debug_macro   0x000123f5      0x2dd ./Core/Src/stm32c0xx_hal_msp.o
 .debug_macro   0x000126d2      0x2e7 ./Core/Src/stm32c0xx_it.o
 .debug_macro   0x000129b9      0x274 ./Core/Src/syscalls.o
 .debug_macro   0x00012c2d       0x5b ./Core/Src/syscalls.o
 .debug_macro   0x00012c88       0x94 ./Core/Src/syscalls.o
 .debug_macro   0x00012d1c       0x57 ./Core/Src/syscalls.o
 .debug_macro   0x00012d73       0x10 ./Core/Src/syscalls.o
 .debug_macro   0x00012d83       0x10 ./Core/Src/syscalls.o
 .debug_macro   0x00012d93       0x10 ./Core/Src/syscalls.o
 .debug_macro   0x00012da3       0x10 ./Core/Src/syscalls.o
 .debug_macro   0x00012db3       0x1c ./Core/Src/syscalls.o
 .debug_macro   0x00012dcf       0x52 ./Core/Src/syscalls.o
 .debug_macro   0x00012e21       0x22 ./Core/Src/syscalls.o
 .debug_macro   0x00012e43       0x10 ./Core/Src/syscalls.o
 .debug_macro   0x00012e53       0x52 ./Core/Src/syscalls.o
 .debug_macro   0x00012ea5       0xcf ./Core/Src/syscalls.o
 .debug_macro   0x00012f74       0x1c ./Core/Src/syscalls.o
 .debug_macro   0x00012f90       0x3d ./Core/Src/syscalls.o
 .debug_macro   0x00012fcd       0x35 ./Core/Src/syscalls.o
 .debug_macro   0x00013002      0x12c ./Core/Src/syscalls.o
 .debug_macro   0x0001312e       0x16 ./Core/Src/syscalls.o
 .debug_macro   0x00013144       0x16 ./Core/Src/syscalls.o
 .debug_macro   0x0001315a       0x29 ./Core/Src/syscalls.o
 .debug_macro   0x00013183       0x10 ./Core/Src/syscalls.o
 .debug_macro   0x00013193      0x242 ./Core/Src/syscalls.o
 .debug_macro   0x000133d5       0x1c ./Core/Src/syscalls.o
 .debug_macro   0x000133f1       0x10 ./Core/Src/syscalls.o
 .debug_macro   0x00013401      0x18a ./Core/Src/syscalls.o
 .debug_macro   0x0001358b       0x16 ./Core/Src/syscalls.o
 .debug_macro   0x000135a1       0xce ./Core/Src/syscalls.o
 .debug_macro   0x0001366f      0x112 ./Core/Src/sysmem.o
 .debug_macro   0x00013781      0x23c ./Core/Src/sysmem.o
 .debug_macro   0x000139bd      0x1db ./Core/Src/system_stm32c0xx.o
 .debug_macro   0x00013b98      0x2da ./Drivers/BSP/STM32C0xx_Nucleo/stm32c0xx_nucleo.o
 .debug_macro   0x00013e72       0x1c ./Drivers/BSP/STM32C0xx_Nucleo/stm32c0xx_nucleo.o
 .debug_macro   0x00013e8e      0x15e ./Drivers/PN532/pn532.o
 .debug_macro   0x00013fec       0x9e ./Drivers/PN532/pn532.o
 .debug_macro   0x0001408a      0x112 ./Drivers/PN532/pn532.o
 .debug_macro   0x0001419c      0x323 ./Drivers/PN532/pn532_stm32f1.o
 .debug_macro   0x000144bf      0x1f3 ./Drivers/STM32C0xx_HAL_Driver/Src/stm32c0xx_hal.o
 .debug_macro   0x000146b2      0x1d5 ./Drivers/STM32C0xx_HAL_Driver/Src/stm32c0xx_hal_cortex.o
 .debug_macro   0x00014887      0x1e1 ./Drivers/STM32C0xx_HAL_Driver/Src/stm32c0xx_hal_exti.o
 .debug_macro   0x00014a68      0x20a ./Drivers/STM32C0xx_HAL_Driver/Src/stm32c0xx_hal_gpio.o
 .debug_macro   0x00014c72      0x2a1 ./Drivers/STM32C0xx_HAL_Driver/Src/stm32c0xx_hal_i2c.o
 .debug_macro   0x00014f13      0x1d5 ./Drivers/STM32C0xx_HAL_Driver/Src/stm32c0xx_hal_i2c_ex.o
 .debug_macro   0x000150e8      0x205 ./Drivers/STM32C0xx_HAL_Driver/Src/stm32c0xx_hal_rcc.o
 .debug_macro   0x000152ed      0x1e7 ./Drivers/STM32C0xx_HAL_Driver/Src/stm32c0xx_hal_rcc_ex.o
 .debug_macro   0x000154d4      0x1f2 ./Drivers/STM32C0xx_HAL_Driver/Src/stm32c0xx_hal_uart.o
 .debug_macro   0x000156c6      0x1e1 ./Drivers/STM32C0xx_HAL_Driver/Src/stm32c0xx_hal_uart_ex.o

.debug_line     0x00000000    0x12144
 .debug_line    0x00000000      0xb5a ./Core/Src/main.o
 .debug_line    0x00000b5a      0x9fa ./Core/Src/stm32c0xx_hal_msp.o
 .debug_line    0x00001554      0x9a6 ./Core/Src/stm32c0xx_it.o
 .debug_line    0x00001efa      0x8ac ./Core/Src/syscalls.o
 .debug_line    0x000027a6      0x588 ./Core/Src/sysmem.o
 .debug_line    0x00002d2e      0x7ca ./Core/Src/system_stm32c0xx.o
 .debug_line    0x000034f8       0x7d ./Core/Startup/startup_stm32c031c6tx.o
 .debug_line    0x00003575      0xcd7 ./Drivers/BSP/STM32C0xx_Nucleo/stm32c0xx_nucleo.o
 .debug_line    0x0000424c      0xb17 ./Drivers/PN532/pn532.o
 .debug_line    0x00004d63      0xa97 ./Drivers/PN532/pn532_stm32f1.o
 .debug_line    0x000057fa      0xaaa ./Drivers/STM32C0xx_HAL_Driver/Src/stm32c0xx_hal.o
 .debug_line    0x000062a4      0xbc5 ./Drivers/STM32C0xx_HAL_Driver/Src/stm32c0xx_hal_cortex.o
 .debug_line    0x00006e69      0xb35 ./Drivers/STM32C0xx_HAL_Driver/Src/stm32c0xx_hal_exti.o
 .debug_line    0x0000799e      0xbc2 ./Drivers/STM32C0xx_HAL_Driver/Src/stm32c0xx_hal_gpio.o
 .debug_line    0x00008560     0x3777 ./Drivers/STM32C0xx_HAL_Driver/Src/stm32c0xx_hal_i2c.o
 .debug_line    0x0000bcd7      0x8d9 ./Drivers/STM32C0xx_HAL_Driver/Src/stm32c0xx_hal_i2c_ex.o
 .debug_line    0x0000c5b0      0xdcd ./Drivers/STM32C0xx_HAL_Driver/Src/stm32c0xx_hal_rcc.o
 .debug_line    0x0000d37d      0xa2c ./Drivers/STM32C0xx_HAL_Driver/Src/stm32c0xx_hal_rcc_ex.o
 .debug_line    0x0000dda9     0x3648 ./Drivers/STM32C0xx_HAL_Driver/Src/stm32c0xx_hal_uart.o
 .debug_line    0x000113f1      0xd53 ./Drivers/STM32C0xx_HAL_Driver/Src/stm32c0xx_hal_uart_ex.o

.debug_str      0x00000000    0x7c2c9
 .debug_str     0x00000000    0x7c2c9 ./Core/Src/main.o
                              0x7736d (size before relaxing)
 .debug_str     0x0007c2c9    0x75f70 ./Core/Src/stm32c0xx_hal_msp.o
 .debug_str     0x0007c2c9    0x7559b ./Core/Src/stm32c0xx_it.o
 .debug_str     0x0007c2c9     0x98ce ./Core/Src/syscalls.o
 .debug_str     0x0007c2c9     0x766c ./Core/Src/sysmem.o
 .debug_str     0x0007c2c9    0x7156e ./Core/Src/system_stm32c0xx.o
 .debug_str     0x0007c2c9       0x62 ./Core/Startup/startup_stm32c031c6tx.o
 .debug_str     0x0007c2c9    0x761a4 ./Drivers/BSP/STM32C0xx_Nucleo/stm32c0xx_nucleo.o
 .debug_str     0x0007c2c9     0x8aa4 ./Drivers/PN532/pn532.o
 .debug_str     0x0007c2c9    0x76d04 ./Drivers/PN532/pn532_stm32f1.o
 .debug_str     0x0007c2c9    0x71b64 ./Drivers/STM32C0xx_HAL_Driver/Src/stm32c0xx_hal.o
 .debug_str     0x0007c2c9    0x71987 ./Drivers/STM32C0xx_HAL_Driver/Src/stm32c0xx_hal_cortex.o
 .debug_str     0x0007c2c9    0x716ea ./Drivers/STM32C0xx_HAL_Driver/Src/stm32c0xx_hal_exti.o
 .debug_str     0x0007c2c9    0x71766 ./Drivers/STM32C0xx_HAL_Driver/Src/stm32c0xx_hal_gpio.o
 .debug_str     0x0007c2c9    0x72929 ./Drivers/STM32C0xx_HAL_Driver/Src/stm32c0xx_hal_i2c.o
 .debug_str     0x0007c2c9    0x71b9f ./Drivers/STM32C0xx_HAL_Driver/Src/stm32c0xx_hal_i2c_ex.o
 .debug_str     0x0007c2c9    0x71b59 ./Drivers/STM32C0xx_HAL_Driver/Src/stm32c0xx_hal_rcc.o
 .debug_str     0x0007c2c9    0x717d7 ./Drivers/STM32C0xx_HAL_Driver/Src/stm32c0xx_hal_rcc_ex.o
 .debug_str     0x0007c2c9    0x724be ./Drivers/STM32C0xx_HAL_Driver/Src/stm32c0xx_hal_uart.o
 .debug_str     0x0007c2c9    0x71de7 ./Drivers/STM32C0xx_HAL_Driver/Src/stm32c0xx_hal_uart_ex.o

.comment        0x00000000       0x43
 .comment       0x00000000       0x43 ./Core/Src/main.o
                                 0x44 (size before relaxing)
 .comment       0x00000043       0x44 ./Core/Src/stm32c0xx_hal_msp.o
 .comment       0x00000043       0x44 ./Core/Src/stm32c0xx_it.o
 .comment       0x00000043       0x44 ./Core/Src/syscalls.o
 .comment       0x00000043       0x44 ./Core/Src/sysmem.o
 .comment       0x00000043       0x44 ./Core/Src/system_stm32c0xx.o
 .comment       0x00000043       0x44 ./Drivers/BSP/STM32C0xx_Nucleo/stm32c0xx_nucleo.o
 .comment       0x00000043       0x44 ./Drivers/PN532/pn532.o
 .comment       0x00000043       0x44 ./Drivers/PN532/pn532_stm32f1.o
 .comment       0x00000043       0x44 ./Drivers/STM32C0xx_HAL_Driver/Src/stm32c0xx_hal.o
 .comment       0x00000043       0x44 ./Drivers/STM32C0xx_HAL_Driver/Src/stm32c0xx_hal_cortex.o
 .comment       0x00000043       0x44 ./Drivers/STM32C0xx_HAL_Driver/Src/stm32c0xx_hal_exti.o
 .comment       0x00000043       0x44 ./Drivers/STM32C0xx_HAL_Driver/Src/stm32c0xx_hal_gpio.o
 .comment       0x00000043       0x44 ./Drivers/STM32C0xx_HAL_Driver/Src/stm32c0xx_hal_i2c.o
 .comment       0x00000043       0x44 ./Drivers/STM32C0xx_HAL_Driver/Src/stm32c0xx_hal_i2c_ex.o
 .comment       0x00000043       0x44 ./Drivers/STM32C0xx_HAL_Driver/Src/stm32c0xx_hal_rcc.o
 .comment       0x00000043       0x44 ./Drivers/STM32C0xx_HAL_Driver/Src/stm32c0xx_hal_rcc_ex.o
 .comment       0x00000043       0x44 ./Drivers/STM32C0xx_HAL_Driver/Src/stm32c0xx_hal_uart.o
 .comment       0x00000043       0x44 ./Drivers/STM32C0xx_HAL_Driver/Src/stm32c0xx_hal_uart_ex.o

.debug_frame    0x00000000     0x3618
 .debug_frame   0x00000000       0xe4 ./Core/Src/main.o
 .debug_frame   0x000000e4       0xb0 ./Core/Src/stm32c0xx_hal_msp.o
 .debug_frame   0x00000194       0xb8 ./Core/Src/stm32c0xx_it.o
 .debug_frame   0x0000024c      0x244 ./Core/Src/syscalls.o
 .debug_frame   0x00000490       0x30 ./Core/Src/sysmem.o
 .debug_frame   0x000004c0       0x4c ./Core/Src/system_stm32c0xx.o
 .debug_frame   0x0000050c      0x2c0 ./Drivers/BSP/STM32C0xx_Nucleo/stm32c0xx_nucleo.o
 .debug_frame   0x000007cc      0x214 ./Drivers/PN532/pn532.o
 .debug_frame   0x000009e0      0x12c ./Drivers/PN532/pn532_stm32f1.o
 .debug_frame   0x00000b0c      0x368 ./Drivers/STM32C0xx_HAL_Driver/Src/stm32c0xx_hal.o
 .debug_frame   0x00000e74      0x33c ./Drivers/STM32C0xx_HAL_Driver/Src/stm32c0xx_hal_cortex.o
 .debug_frame   0x000011b0      0x130 ./Drivers/STM32C0xx_HAL_Driver/Src/stm32c0xx_hal_exti.o
 .debug_frame   0x000012e0      0x150 ./Drivers/STM32C0xx_HAL_Driver/Src/stm32c0xx_hal_gpio.o
 .debug_frame   0x00001430      0xa68 ./Drivers/STM32C0xx_HAL_Driver/Src/stm32c0xx_hal_i2c.o
 .debug_frame   0x00001e98       0xd0 ./Drivers/STM32C0xx_HAL_Driver/Src/stm32c0xx_hal_i2c_ex.o
 .debug_frame   0x00001f68      0x214 ./Drivers/STM32C0xx_HAL_Driver/Src/stm32c0xx_hal_rcc.o
 .debug_frame   0x0000217c       0xac ./Drivers/STM32C0xx_HAL_Driver/Src/stm32c0xx_hal_rcc_ex.o
 .debug_frame   0x00002228      0x8d4 ./Drivers/STM32C0xx_HAL_Driver/Src/stm32c0xx_hal_uart.o
 .debug_frame   0x00002afc      0x258 ./Drivers/STM32C0xx_HAL_Driver/Src/stm32c0xx_hal_uart_ex.o
 .debug_frame   0x00002d54      0x138 C:/ST/STM32CubeIDE_1.18.0/STM32CubeIDE/plugins/com.st.stm32cube.ide.mcu.externaltools.gnu-tools-for-stm32.13.3.rel1.win32_1.0.0.202411081344/tools/bin/../lib/gcc/arm-none-eabi/13.3.1/../../../../arm-none-eabi/lib/thumb/v6-m/nofp\libc_nano.a(libc_a-findfp.o)
 .debug_frame   0x00002e8c       0x34 C:/ST/STM32CubeIDE_1.18.0/STM32CubeIDE/plugins/com.st.stm32cube.ide.mcu.externaltools.gnu-tools-for-stm32.13.3.rel1.win32_1.0.0.202411081344/tools/bin/../lib/gcc/arm-none-eabi/13.3.1/../../../../arm-none-eabi/lib/thumb/v6-m/nofp\libc_nano.a(libc_a-fwalk.o)
 .debug_frame   0x00002ec0       0x4c C:/ST/STM32CubeIDE_1.18.0/STM32CubeIDE/plugins/com.st.stm32cube.ide.mcu.externaltools.gnu-tools-for-stm32.13.3.rel1.win32_1.0.0.202411081344/tools/bin/../lib/gcc/arm-none-eabi/13.3.1/../../../../arm-none-eabi/lib/thumb/v6-m/nofp\libc_nano.a(libc_a-printf.o)
 .debug_frame   0x00002f0c       0x40 C:/ST/STM32CubeIDE_1.18.0/STM32CubeIDE/plugins/com.st.stm32cube.ide.mcu.externaltools.gnu-tools-for-stm32.13.3.rel1.win32_1.0.0.202411081344/tools/bin/../lib/gcc/arm-none-eabi/13.3.1/../../../../arm-none-eabi/lib/thumb/v6-m/nofp\libc_nano.a(libc_a-putchar.o)
 .debug_frame   0x00002f4c       0x44 C:/ST/STM32CubeIDE_1.18.0/STM32CubeIDE/plugins/com.st.stm32cube.ide.mcu.externaltools.gnu-tools-for-stm32.13.3.rel1.win32_1.0.0.202411081344/tools/bin/../lib/gcc/arm-none-eabi/13.3.1/../../../../arm-none-eabi/lib/thumb/v6-m/nofp\libc_nano.a(libc_a-puts.o)
 .debug_frame   0x00002f90       0x90 C:/ST/STM32CubeIDE_1.18.0/STM32CubeIDE/plugins/com.st.stm32cube.ide.mcu.externaltools.gnu-tools-for-stm32.13.3.rel1.win32_1.0.0.202411081344/tools/bin/../lib/gcc/arm-none-eabi/13.3.1/../../../../arm-none-eabi/lib/thumb/v6-m/nofp\libc_nano.a(libc_a-stdio.o)
 .debug_frame   0x00003020       0x48 C:/ST/STM32CubeIDE_1.18.0/STM32CubeIDE/plugins/com.st.stm32cube.ide.mcu.externaltools.gnu-tools-for-stm32.13.3.rel1.win32_1.0.0.202411081344/tools/bin/../lib/gcc/arm-none-eabi/13.3.1/../../../../arm-none-eabi/lib/thumb/v6-m/nofp\libc_nano.a(libc_a-wbuf.o)
 .debug_frame   0x00003068       0x2c C:/ST/STM32CubeIDE_1.18.0/STM32CubeIDE/plugins/com.st.stm32cube.ide.mcu.externaltools.gnu-tools-for-stm32.13.3.rel1.win32_1.0.0.202411081344/tools/bin/../lib/gcc/arm-none-eabi/13.3.1/../../../../arm-none-eabi/lib/thumb/v6-m/nofp\libc_nano.a(libc_a-wsetup.o)
 .debug_frame   0x00003094       0x20 C:/ST/STM32CubeIDE_1.18.0/STM32CubeIDE/plugins/com.st.stm32cube.ide.mcu.externaltools.gnu-tools-for-stm32.13.3.rel1.win32_1.0.0.202411081344/tools/bin/../lib/gcc/arm-none-eabi/13.3.1/../../../../arm-none-eabi/lib/thumb/v6-m/nofp\libc_nano.a(libc_a-memset.o)
 .debug_frame   0x000030b4       0x2c C:/ST/STM32CubeIDE_1.18.0/STM32CubeIDE/plugins/com.st.stm32cube.ide.mcu.externaltools.gnu-tools-for-stm32.13.3.rel1.win32_1.0.0.202411081344/tools/bin/../lib/gcc/arm-none-eabi/13.3.1/../../../../arm-none-eabi/lib/thumb/v6-m/nofp\libc_nano.a(libc_a-closer.o)
 .debug_frame   0x000030e0       0x2c C:/ST/STM32CubeIDE_1.18.0/STM32CubeIDE/plugins/com.st.stm32cube.ide.mcu.externaltools.gnu-tools-for-stm32.13.3.rel1.win32_1.0.0.202411081344/tools/bin/../lib/gcc/arm-none-eabi/13.3.1/../../../../arm-none-eabi/lib/thumb/v6-m/nofp\libc_nano.a(libc_a-reent.o)
 .debug_frame   0x0000310c       0x2c C:/ST/STM32CubeIDE_1.18.0/STM32CubeIDE/plugins/com.st.stm32cube.ide.mcu.externaltools.gnu-tools-for-stm32.13.3.rel1.win32_1.0.0.202411081344/tools/bin/../lib/gcc/arm-none-eabi/13.3.1/../../../../arm-none-eabi/lib/thumb/v6-m/nofp\libc_nano.a(libc_a-lseekr.o)
 .debug_frame   0x00003138       0x2c C:/ST/STM32CubeIDE_1.18.0/STM32CubeIDE/plugins/com.st.stm32cube.ide.mcu.externaltools.gnu-tools-for-stm32.13.3.rel1.win32_1.0.0.202411081344/tools/bin/../lib/gcc/arm-none-eabi/13.3.1/../../../../arm-none-eabi/lib/thumb/v6-m/nofp\libc_nano.a(libc_a-readr.o)