../Drivers/PN532/pn532_stm32f1.c:43:5:PN532_Reset	8	static
../Drivers/PN532/pn532_stm32f1.c:53:6:PN532_Log	16	static
../Drivers/PN532/pn532_stm32f1.c:57:6:i2c_read	24	static
../Drivers/PN532/pn532_stm32f1.c:61:6:i2c_write	24	static
../Drivers/PN532/pn532_stm32f1.c:65:5:PN532_I2C_ReadData	72	dynamic
../Drivers/PN532/pn532_stm32f1.c:79:5:PN532_I2C_WriteData	16	static
../Drivers/PN532/pn532_stm32f1.c:84:6:PN532_I2C_WaitReady	32	static
../Drivers/PN532/pn532_stm32f1.c:98:5:PN532_I2C_Wakeup	8	static
../Drivers/PN532/pn532_stm32f1.c:109:6:PN532_I2C_Init	16	static
